<html>
<body>
<pre>
<h1>µVision Build Log</h1>
<h2>Tool Versions:</h2>
IDE-Version: ¦ÌVision V5.24.2.86
Copyright (C) 2017 ARM Ltd and ARM Germany GmbH. All rights reserved.
License Information: 8989 User, China, LIC=UJWP0-BKRN5-MMA9I-T3MA2-BFK8Z-35IW2
 
Tool Versions:
Toolchain:       MDK-ARM Plus  Version: 5.27.1.0
Toolchain Path:  D:\2122\Keil\ARM\ARMCC\Bin
C Compiler:      Armcc.exe V5.06 update 6 (build 750)
Assembler:       Armasm.exe V5.06 update 6 (build 750)
Linker/Locator:  ArmLink.exe V5.06 update 6 (build 750)
Library Manager: ArmAr.exe V5.06 update 6 (build 750)
Hex Converter:   FromElf.exe V5.06 update 6 (build 750)
CPU DLL:         SARMCM3.DLL V5.27.1.0
Dialog DLL:      DARMSTM.DLL V1.68.0.0
Target DLL:      STLink\ST-LINKIII-KEIL_SWO.dll V3.0.6.0
Dialog DLL:      TARMSTM.DLL V1.66.0.0
 
<h2>Project:</h2>
D:\2122\ARM2122\LLHH\LH_SPI -420 -(3)__ TM7707_\LH_SPI -420 -(3)__ TM7707_\USER\Template.uvprojx
Project File Date:  07/27/2021

<h2>Output:</h2>
*** Using Compiler 'V5.06 update 6 (build 750)', folder: 'D:\2122\Keil\ARM\ARMCC\Bin'
Build target 'Template'
compiling main.c...
..\Hardware\AD1239\TM7707.h(38): warning:  #1295-D: Deprecated declaration read_byte1 - give arg types
  u8 read_byte1 ();
..\Hardware\AD1239\TM7707.h(56): warning:  #1295-D: Deprecated declaration DIO_IN - give arg types
  void DIO_IN( );
..\Hardware\AD1239\TM7707.h(57): warning:  #1295-D: Deprecated declaration DIO_OUT - give arg types
  void DIO_OUT( );
main.c: 3 warnings, 0 errors
linking...
Program Size: Code=26044 RO-data=7872 RW-data=492 ZI-data=1047220  
FromELF: creating hex file...
"..\OBJ\tt.axf" - 0 Error(s), 3 Warning(s).

<h2>Software Packages used:</h2>

Package Vendor: Keil
                http://www.keil.com/pack/Keil.STM32F1xx_DFP.2.3.0.pack
                Keil.STM32F1xx_DFP.2.3.0
                STMicroelectronics STM32F1 Series Device Support, Drivers and Examples

<h2>Collection of Component include folders:</h2>
  .\RTE\_Template
  D:\2122\Keil\2122\Keil\STM32F1xx_DFP\2.3.0\Device\Include

<h2>Collection of Component Files used:</h2>
Build Time Elapsed:  00:00:08
</pre>
</body>
</html>
