Component: ARM Compiler 5.06 update 6 (build 750) Tool: armlink [4d35ed]

==============================================================================

Section Cross References

    main.o(i.main) refers to delay.o(i.delay_init) for delay_init
    main.o(i.main) refers to misc.o(i.NVIC_PriorityGroupConfig) for NVIC_PriorityGroupConfig
    main.o(i.main) refers to usart.o(i.uart_init) for uart_init
    main.o(i.main) refers to led.o(i.LED_Init) for LED_Init
    main.o(i.main) refers to key.o(i.KEY_Init) for KEY_Init
    main.o(i.main) refers to 24c64.o(i.AT24CXX_Init) for AT24CXX_Init
    main.o(i.main) refers to tm7707.o(i.TM7707_init) for TM7707_init
    main.o(i.main) refers to oled.o(i.OLED_Init) for OLED_Init
    main.o(i.main) refers to pic.o(i.FIRST) for FIRST
    main.o(i.main) refers to timer.o(i.TIM4_init) for TIM4_init
    main.o(i.main) refers to can.o(i.CAN_Mode_Init) for CAN_Mode_Init
    main.o(i.main) refers to setcs.o(i.CAN_Answer) for CAN_Answer
    main.o(i.main) refers to setcs.o(i.CAN_SAVE) for CAN_SAVE
    main.o(i.main) refers to key.o(i.KEY_Scan) for KEY_Scan
    main.o(i.main) refers to setcs.o(i.SET_IN) for SET_IN
    main.o(i.main) refers to 24c64.o(i.BL_24c64) for BL_24c64
    main.o(i.main) refers to pic.o(i.FIRST_2) for FIRST_2
    main.o(i.main) refers to gui.o(i.GUI_ShowString) for GUI_ShowString
    main.o(i.main) refers to setcs.o(i.SET_COME) for SET_COME
    main.o(i.main) refers to timer.o(i.Made_Data) for Made_Data
    main.o(i.main) refers to timer.o(i.LJLL_Data) for LJLL_Data
    main.o(i.main) refers to can.o(i.Can_Send_Msg) for Can_Send_Msg
    main.o(i.main) refers to timer.o(.data) for ljks
    main.o(i.main) refers to main.o(.data) for rxd_bz
    main.o(i.main) refers to setcs.o(.data) for key
    main.o(i.main) refers to can.o(.data) for myid
    system_stm32f10x.o(i.SetSysClock) refers to system_stm32f10x.o(i.SetSysClockTo72) for SetSysClockTo72
    system_stm32f10x.o(i.SystemCoreClockUpdate) refers to system_stm32f10x.o(.data) for SystemCoreClock
    system_stm32f10x.o(i.SystemInit) refers to system_stm32f10x.o(i.SetSysClock) for SetSysClock
    delay.o(i.delay_init) refers to misc.o(i.SysTick_CLKSourceConfig) for SysTick_CLKSourceConfig
    delay.o(i.delay_init) refers to system_stm32f10x.o(.data) for SystemCoreClock
    delay.o(i.delay_init) refers to delay.o(.data) for fac_us
    delay.o(i.delay_ms) refers to delay.o(.data) for fac_ms
    delay.o(i.delay_us) refers to delay.o(.data) for fac_us
    usart.o(i.Usart_SendArray) refers (Special) to use_no_semi_2.o(.text) for __use_no_semihosting
    usart.o(i.Usart_SendArray) refers to usart.o(i.Usart_SendByte) for Usart_SendByte
    usart.o(i.Usart_SendArray) refers to stm32f10x_usart.o(i.USART_GetFlagStatus) for USART_GetFlagStatus
    usart.o(i.Usart_SendByte) refers (Special) to use_no_semi_2.o(.text) for __use_no_semihosting
    usart.o(i.Usart_SendByte) refers to stm32f10x_usart.o(i.USART_SendData) for USART_SendData
    usart.o(i.Usart_SendByte) refers to stm32f10x_usart.o(i.USART_GetFlagStatus) for USART_GetFlagStatus
    usart.o(i.Usart_SendHalfWord) refers (Special) to use_no_semi_2.o(.text) for __use_no_semihosting
    usart.o(i.Usart_SendHalfWord) refers to stm32f10x_usart.o(i.USART_SendData) for USART_SendData
    usart.o(i.Usart_SendHalfWord) refers to stm32f10x_usart.o(i.USART_GetFlagStatus) for USART_GetFlagStatus
    usart.o(i.Usart_SendString) refers (Special) to use_no_semi_2.o(.text) for __use_no_semihosting
    usart.o(i.Usart_SendString) refers to usart.o(i.Usart_SendByte) for Usart_SendByte
    usart.o(i.Usart_SendString) refers to stm32f10x_usart.o(i.USART_GetFlagStatus) for USART_GetFlagStatus
    usart.o(i._sys_exit) refers (Special) to use_no_semi_2.o(.text) for __use_no_semihosting
    usart.o(i.fgetc) refers (Special) to use_no_semi_2.o(.text) for __use_no_semihosting
    usart.o(i.fgetc) refers to stm32f10x_usart.o(i.USART_GetFlagStatus) for USART_GetFlagStatus
    usart.o(i.fgetc) refers to stm32f10x_usart.o(i.USART_ReceiveData) for USART_ReceiveData
    usart.o(i.fputc) refers (Special) to use_no_semi_2.o(.text) for __use_no_semihosting
    usart.o(i.fputc) refers to stm32f10x_usart.o(i.USART_SendData) for USART_SendData
    usart.o(i.fputc) refers to stm32f10x_usart.o(i.USART_GetFlagStatus) for USART_GetFlagStatus
    usart.o(i.uart_init) refers (Special) to use_no_semi_2.o(.text) for __use_no_semihosting
    usart.o(i.uart_init) refers to stm32f10x_rcc.o(i.RCC_APB2PeriphClockCmd) for RCC_APB2PeriphClockCmd
    usart.o(i.uart_init) refers to stm32f10x_gpio.o(i.GPIO_Init) for GPIO_Init
    usart.o(i.uart_init) refers to misc.o(i.NVIC_Init) for NVIC_Init
    usart.o(i.uart_init) refers to stm32f10x_usart.o(i.USART_Init) for USART_Init
    usart.o(i.uart_init) refers to stm32f10x_usart.o(i.USART_ITConfig) for USART_ITConfig
    usart.o(i.uart_init) refers to stm32f10x_usart.o(i.USART_Cmd) for USART_Cmd
[...]
    .ARM.Collect$$libinit$$0000000A          0x080001e6   Section        0  libinit2.o(.ARM.Collect$$libinit$$0000000A)
    .ARM.Collect$$libinit$$0000000C          0x080001e6   Section        0  libinit2.o(.ARM.Collect$$libinit$$0000000C)
    .ARM.Collect$$libinit$$0000000E          0x080001e6   Section        0  libinit2.o(.ARM.Collect$$libinit$$0000000E)
    .ARM.Collect$$libinit$$00000011          0x080001e6   Section        0  libinit2.o(.ARM.Collect$$libinit$$00000011)
    .ARM.Collect$$libinit$$00000013          0x080001e6   Section        0  libinit2.o(.ARM.Collect$$libinit$$00000013)
    .ARM.Collect$$libinit$$00000015          0x080001e6   Section        0  libinit2.o(.ARM.Collect$$libinit$$00000015)
    .ARM.Collect$$libinit$$00000017          0x080001e6   Section        0  libinit2.o(.ARM.Collect$$libinit$$00000017)
    .ARM.Collect$$libinit$$00000019          0x080001e6   Section        0  libinit2.o(.ARM.Collect$$libinit$$00000019)
    .ARM.Collect$$libinit$$0000001B          0x080001e6   Section        0  libinit2.o(.ARM.Collect$$libinit$$0000001B)
    .ARM.Collect$$libinit$$0000001D          0x080001e6   Section        0  libinit2.o(.ARM.Collect$$libinit$$0000001D)
    .ARM.Collect$$libinit$$0000001F          0x080001e6   Section        0  libinit2.o(.ARM.Collect$$libinit$$0000001F)
    .ARM.Collect$$libinit$$00000021          0x080001e6   Section        0  libinit2.o(.ARM.Collect$$libinit$$00000021)
    .ARM.Collect$$libinit$$00000023          0x080001e6   Section        0  libinit2.o(.ARM.Collect$$libinit$$00000023)
    .ARM.Collect$$libinit$$00000025          0x080001e6   Section        0  libinit2.o(.ARM.Collect$$libinit$$00000025)
    .ARM.Collect$$libinit$$0000002C          0x080001e6   Section        0  libinit2.o(.ARM.Collect$$libinit$$0000002C)
    .ARM.Collect$$libinit$$0000002E          0x080001e6   Section        0  libinit2.o(.ARM.Collect$$libinit$$0000002E)
    .ARM.Collect$$libinit$$00000030          0x080001e6   Section        0  libinit2.o(.ARM.Collect$$libinit$$00000030)
    .ARM.Collect$$libinit$$00000032          0x080001e6   Section        0  libinit2.o(.ARM.Collect$$libinit$$00000032)
    .ARM.Collect$$libinit$$00000033          0x080001e6   Section        2  libinit2.o(.ARM.Collect$$libinit$$00000033)
    .ARM.Collect$$libshutdown$$00000000      0x080001e8   Section        2  libshutdown.o(.ARM.Collect$$libshutdown$$00000000)
    .ARM.Collect$$libshutdown$$00000002      0x080001ea   Section        0  libshutdown2.o(.ARM.Collect$$libshutdown$$00000002)
    .ARM.Collect$$libshutdown$$00000004      0x080001ea   Section        0  libshutdown2.o(.ARM.Collect$$libshutdown$$00000004)
    .ARM.Collect$$libshutdown$$00000007      0x080001ea   Section        0  libshutdown2.o(.ARM.Collect$$libshutdown$$00000007)
    .ARM.Collect$$libshutdown$$0000000A      0x080001ea   Section        0  libshutdown2.o(.ARM.Collect$$libshutdown$$0000000A)
    .ARM.Collect$$libshutdown$$0000000C      0x080001ea   Section        0  libshutdown2.o(.ARM.Collect$$libshutdown$$0000000C)
    .ARM.Collect$$libshutdown$$0000000F      0x080001ea   Section        0  libshutdown2.o(.ARM.Collect$$libshutdown$$0000000F)
    .ARM.Collect$$libshutdown$$00000010      0x080001ea   Section        2  libshutdown2.o(.ARM.Collect$$libshutdown$$00000010)
    .ARM.Collect$$rtentry$$00000000          0x080001ec   Section        0  __rtentry.o(.ARM.Collect$$rtentry$$00000000)
    .ARM.Collect$$rtentry$$00000002          0x080001ec   Section        0  __rtentry2.o(.ARM.Collect$$rtentry$$00000002)
    .ARM.Collect$$rtentry$$00000004          0x080001ec   Section        6  __rtentry4.o(.ARM.Collect$$rtentry$$00000004)
    .ARM.Collect$$rtentry$$00000009          0x080001f2   Section        0  __rtentry2.o(.ARM.Collect$$rtentry$$00000009)
    .ARM.Collect$$rtentry$$0000000A          0x080001f2   Section        4  __rtentry2.o(.ARM.Collect$$rtentry$$0000000A)
    .ARM.Collect$$rtentry$$0000000C          0x080001f6   Section        0  __rtentry2.o(.ARM.Collect$$rtentry$$0000000C)
    .ARM.Collect$$rtentry$$0000000D          0x080001f6   Section        8  __rtentry2.o(.ARM.Collect$$rtentry$$0000000D)
    .ARM.Collect$$rtexit$$00000000           0x080001fe   Section        2  rtexit.o(.ARM.Collect$$rtexit$$00000000)
    .ARM.Collect$$rtexit$$00000002           0x08000200   Section        0  rtexit2.o(.ARM.Collect$$rtexit$$00000002)
    .ARM.Collect$$rtexit$$00000003           0x08000200   Section        4  rtexit2.o(.ARM.Collect$$rtexit$$00000003)
    .ARM.Collect$$rtexit$$00000004           0x08000204   Section        6  rtexit2.o(.ARM.Collect$$rtexit$$00000004)
    .text                                    0x0800020c   Section       64  startup_stm32f10x_hd.o(.text)
    .text                                    0x0800024c   Section        2  use_no_semi_2.o(.text)
    .text                                    0x0800024e   Section       16  aeabi_memset.o(.text)
    .text                                    0x0800025e   Section       68  rt_memclr.o(.text)
    .text                                    0x080002a2   Section        0  heapauxi.o(.text)
    .text                                    0x080002a8   Section        2  use_no_semi.o(.text)
    .text                                    0x080002aa   Section        0  _rserrno.o(.text)
    .text                                    0x080002c0   Section       78  rt_memclr_w.o(.text)
    .text                                    0x08000310   Section        8  rt_errno_addr_intlibspace.o(.text)
    .text                                    0x08000318   Section        8  libspace.o(.text)
    .text                                    0x08000320   Section       74  sys_stackheap_outer.o(.text)
    .text                                    0x0800036a   Section        0  exit.o(.text)
    i.AT24CXX_Init                           0x0800037c   Section        0  24c64.o(i.AT24CXX_Init)
    i.AT24CXX_Read                           0x08000730   Section        0  24c64.o(i.AT24CXX_Read)
    i.AT24CXX_Write                          0x080007a0   Section        0  24c64.o(i.AT24CXX_Write)
    i.A_N_24C64                              0x08000810   Section        0  24c64.o(i.A_N_24C64)
    i.BL_24c64                               0x0800085c   Section        0  24c64.o(i.BL_24c64)
    i.BusFault_Handler                       0x08000a44   Section        0  stm32f10x_it.o(i.BusFault_Handler)
    i.CAN_Answer                             0x08000a48   Section        0  setcs.o(i.CAN_Answer)
    i.CAN_FilterInit                         0x080014d4   Section        0  stm32f10x_can.o(i.CAN_FilterInit)
    i.CAN_ITConfig                           0x080015dc   Section        0  stm32f10x_can.o(i.CAN_ITConfig)
    i.CAN_Init                               0x080015ee   Section        0  stm32f10x_can.o(i.CAN_Init)
    i.CAN_Mode_Init                          0x08001704   Section        0  can.o(i.CAN_Mode_Init)
    i.CAN_Receive                            0x080017f8   Section        0  stm32f10x_can.o(i.CAN_Receive)
    i.CAN_SAVE                               0x080018e8   Section        0  setcs.o(i.CAN_SAVE)
    i.CAN_SET                                0x08001bf8   Section        0  pic.o(i.CAN_SET)
    i.CAN_Transmit                           0x08001c94   Section        0  stm32f10x_can.o(i.CAN_Transmit)
    i.CAN_TransmitStatus                     0x08001dbc   Section        0  stm32f10x_can.o(i.CAN_TransmitStatus)
    i.Can_Send_Msg                           0x08001e5c   Section        0  can.o(i.Can_Send_Msg)
    i.DebugMon_Handler                       0x08001ec4   Section        0  stm32f10x_it.o(i.DebugMon_Handler)
    i.EXTI1_IRQHandler                       0x08001ec8   Section        0  timer.o(i.EXTI1_IRQHandler)
    i.EXTI_GetITStatus                       0x08001f04   Section        0  stm32f10x_exti.o(i.EXTI_GetITStatus)
    i.FIRST                                  0x08001f2c   Section        0  pic.o(i.FIRST)
    i.FIRST_2                                0x08001ff4   Section        0  pic.o(i.FIRST_2)
    i.FIVE                                   0x080020c4   Section        0  pic.o(i.FIVE)
    i.FOUR                                   0x08002124   Section        0  pic.o(i.FOUR)
    i.GPIO_Init                              0x080021ac   Section        0  stm32f10x_gpio.o(i.GPIO_Init)
    i.GPIO_ReadInputDataBit                  0x080022c2   Section        0  stm32f10x_gpio.o(i.GPIO_ReadInputDataBit)
    i.GPIO_ResetBits                         0x080022d4   Section        0  stm32f10x_gpio.o(i.GPIO_ResetBits)
    i.GPIO_SetBits                           0x080022d8   Section        0  stm32f10x_gpio.o(i.GPIO_SetBits)
    i.GUI_DrawLine                           0x080022dc   Section        0  gui.o(i.GUI_DrawLine)
    i.GUI_DrawRectangle                      0x0800238c   Section        0  gui.o(i.GUI_DrawRectangle)
    i.GUI_ShowCHinese                        0x080023d6   Section        0  gui.o(i.GUI_ShowCHinese)
    i.GUI_ShowChar                           0x08002440   Section        0  gui.o(i.GUI_ShowChar)
    i.GUI_ShowFont16                         0x0800263c   Section        0  gui.o(i.GUI_ShowFont16)
    i.GUI_ShowFont24                         0x0800272c   Section        0  gui.o(i.GUI_ShowFont24)
    i.GUI_ShowFont32                         0x08002830   Section        0  gui.o(i.GUI_ShowFont32)
    i.GUI_ShowString                         0x08002928   Section        0  gui.o(i.GUI_ShowString)
    i.HardFault_Handler                      0x080029b8   Section        0  stm32f10x_it.o(i.HardFault_Handler)
    i.I1C_Ack                                0x080029bc   Section        0  myiic.o(i.I1C_Ack)
    i.I1C_Init                               0x08002a08   Section        0  myiic.o(i.I1C_Init)
    i.I1C_NAck                               0x08002a3c   Section        0  myiic.o(i.I1C_NAck)
    i.I1C_Read_Byte                          0x08002a88   Section        0  myiic.o(i.I1C_Read_Byte)
    i.I1C_Send_Byte                          0x08002ae0   Section        0  myiic.o(i.I1C_Send_Byte)
    i.I1C_Start                              0x08002b40   Section        0  myiic.o(i.I1C_Start)
    i.I1C_Stop                               0x08002b9c   Section        0  myiic.o(i.I1C_Stop)
    i.I1C_Wait_Ack                           0x08002bf4   Section        0  myiic.o(i.I1C_Wait_Ack)
    i.KEY_Init                               0x08002c38   Section        0  key.o(i.KEY_Init)
    i.KEY_Scan                               0x08002c64   Section        0  key.o(i.KEY_Scan)
    i.LED_Init                               0x08002cd0   Section        0  led.o(i.LED_Init)
    i.LJLL_Data                              0x08002cfc   Section        0  timer.o(i.LJLL_Data)
    i.MENU                                   0x08002dc0   Section        0  pic.o(i.MENU)
    i.Made_Data                              0x08002e5c   Section        0  timer.o(i.Made_Data)
    i.MemManage_Handler                      0x08002ea8   Section        0  stm32f10x_it.o(i.MemManage_Handler)
    i.NMI_Handler                            0x08002eac   Section        0  stm32f10x_it.o(i.NMI_Handler)
    i.NUM_A                                  0x08002eae   Section        0  gui.o(i.NUM_A)
    i.NVIC_Init                              0x08002ef4   Section        0  misc.o(i.NVIC_Init)
    i.NVIC_PriorityGroupConfig               0x08002f64   Section        0  misc.o(i.NVIC_PriorityGroupConfig)
    i.N_A                                    0x08002f78   Section        0  timer.o(i.N_A)
    i.OLED_Clear                             0x08002f9c   Section        0  oled.o(i.OLED_Clear)
    i.OLED_Display                           0x08002fc4   Section        0  oled.o(i.OLED_Display)
    i.OLED_Display_Off                       0x0800300c   Section        0  oled.o(i.OLED_Display_Off)
    i.OLED_Display_On                        0x08003028   Section        0  oled.o(i.OLED_Display_On)
    i.OLED_Init                              0x08003044   Section        0  oled.o(i.OLED_Init)
    i.OLED_Init_GPIO                         0x08003144   Section        0  oled.o(i.OLED_Init_GPIO)
    i.OLED_Reset                             0x08003178   Section        0  oled.o(i.OLED_Reset)
    i.OLED_Set_Pixel                         0x080031a4   Section        0  oled.o(i.OLED_Set_Pixel)
    i.OLED_WR_Byte                           0x08003224   Section        0  oled.o(i.OLED_WR_Byte)
    i.ONE                                    0x08003260   Section        0  pic.o(i.ONE)
    i.PVD_IRQHandler                         0x08003320   Section        0  timer.o(i.PVD_IRQHandler)
    i.PendSV_Handler                         0x08003378   Section        0  stm32f10x_it.o(i.PendSV_Handler)
    i.QJHM                                   0x0800337c   Section        0  pic.o(i.QJHM)
    i.RCC_APB1PeriphClockCmd                 0x080033f8   Section        0  stm32f10x_rcc.o(i.RCC_APB1PeriphClockCmd)
    i.RCC_APB2PeriphClockCmd                 0x08003418   Section        0  stm32f10x_rcc.o(i.RCC_APB2PeriphClockCmd)
    i.RCC_GetClocksFreq                      0x08003438   Section        0  stm32f10x_rcc.o(i.RCC_GetClocksFreq)
    i.SDA_IN                                 0x0800350c   Section        0  myiic.o(i.SDA_IN)
    i.SET_COME                               0x08003538   Section        0  setcs.o(i.SET_COME)
    i.SET_IN                                 0x0800467c   Section        0  setcs.o(i.SET_IN)
    i.SEV                                    0x080046b8   Section        0  pic.o(i.SEV)
    i.SIX                                    0x080046e0   Section        0  pic.o(i.SIX)
    i.SPI1_Init                              0x08004788   Section        0  spi.o(i.SPI1_Init)
    i.SPI_Cmd                                0x08004820   Section        0  stm32f10x_spi.o(i.SPI_Cmd)
    i.SPI_Init                               0x08004838   Section        0  stm32f10x_spi.o(i.SPI_Init)
    i.SPI_WriteByte                          0x08004874   Section        0  spi.o(i.SPI_WriteByte)
    i.SVC_Handler                            0x08004896   Section        0  stm32f10x_it.o(i.SVC_Handler)
    i.SetSysClock                            0x08004898   Section        0  system_stm32f10x.o(i.SetSysClock)
    SetSysClock                              0x08004899   Thumb Code     8  system_stm32f10x.o(i.SetSysClock)
    i.SetSysClockTo72                        0x080048a0   Section        0  system_stm32f10x.o(i.SetSysClockTo72)
    SetSysClockTo72                          0x080048a1   Thumb Code   214  system_stm32f10x.o(i.SetSysClockTo72)
    i.SysTick_CLKSourceConfig                0x08004980   Section        0  misc.o(i.SysTick_CLKSourceConfig)
    i.SysTick_Handler                        0x080049a8   Section        0  stm32f10x_it.o(i.SysTick_Handler)
    i.SystemInit                             0x080049ac   Section        0  system_stm32f10x.o(i.SystemInit)
    i.THERR                                  0x08004a0c   Section        0  pic.o(i.THERR)
    i.TIM4_IRQHandler                        0x08004a94   Section        0  timer.o(i.TIM4_IRQHandler)
    i.TIM4_init                              0x08004b4c   Section        0  timer.o(i.TIM4_init)
    i.TIM_ClearITPendingBit                  0x08004bac   Section        0  stm32f10x_tim.o(i.TIM_ClearITPendingBit)
    i.TIM_Cmd                                0x08004bb2   Section        0  stm32f10x_tim.o(i.TIM_Cmd)
    i.TIM_GetITStatus                        0x08004bca   Section        0  stm32f10x_tim.o(i.TIM_GetITStatus)
    i.TIM_ITConfig                           0x08004bec   Section        0  stm32f10x_tim.o(i.TIM_ITConfig)
    i.TIM_TimeBaseInit                       0x08004c00   Section        0  stm32f10x_tim.o(i.TIM_TimeBaseInit)
    i.TM7705_CalibSelf                       0x08004ca4   Section        0  tm7707.o(i.TM7705_CalibSelf)
    i.TM7705_Delay                           0x08004d14   Section        0  tm7707.o(i.TM7705_Delay)
    TM7705_Delay                             0x08004d15   Thumb Code    14  tm7707.o(i.TM7705_Delay)
    i.TM7705_Read3Byte                       0x08004d24   Section        0  tm7707.o(i.TM7705_Read3Byte)
    i.TM7705_Recive8Bit                      0x08004d80   Section        0  tm7707.o(i.TM7705_Recive8Bit)
    TM7705_Recive8Bit                        0x08004d81   Thumb Code    70  tm7707.o(i.TM7705_Recive8Bit)
    i.TM7705_Send8Bit                        0x08004dcc   Section        0  tm7707.o(i.TM7705_Send8Bit)
    TM7705_Send8Bit                          0x08004dcd   Thumb Code    78  tm7707.o(i.TM7705_Send8Bit)
    i.TM7705_WaitDRDY                        0x08004e20   Section        0  tm7707.o(i.TM7705_WaitDRDY)
    i.TM7705_WriteByte                       0x08004e60   Section        0  tm7707.o(i.TM7705_WriteByte)
    i.TM7707_init                            0x08004ea4   Section        0  tm7707.o(i.TM7707_init)
    i.TP1000_ohm                             0x08004f38   Section        0  gui.o(i.TP1000_ohm)
    i.TP1000_wd_                             0x08004fd0   Section        0  gui.o(i.TP1000_wd_)
    i.TWO                                    0x08005010   Section        0  pic.o(i.TWO)
    i.USART1_IRQHandler                      0x08005098   Section        0  mport.o(i.USART1_IRQHandler)
    i.USART_Cmd                              0x08005198   Section        0  stm32f10x_usart.o(i.USART_Cmd)
    i.USART_ITConfig                         0x080051b0   Section        0  stm32f10x_usart.o(i.USART_ITConfig)
    i.USART_Init                             0x080051fc   Section        0  stm32f10x_usart.o(i.USART_Init)
    i.USB_LP_CAN1_RX0_IRQHandler             0x080052d4   Section        0  can.o(i.USB_LP_CAN1_RX0_IRQHandler)
    i.UsageFault_Handler                     0x0800531c   Section        0  stm32f10x_it.o(i.UsageFault_Handler)
    i.YS_CY                                  0x08005320   Section        0  gui.o(i.YS_CY)
    i.YS_LJ                                  0x080053e8   Section        0  gui.o(i.YS_LJ)
    i.YS_LL                                  0x0800546c   Section        0  gui.o(i.YS_LL)
    i.YS_WD                                  0x080055e8   Section        0  gui.o(i.YS_WD)
    i.YS_YM                                  0x08005664   Section        0  gui.o(i.YS_YM)
    i.YS_YS                                  0x08005694   Section        0  gui.o(i.YS_YS)
    i._sys_exit                              0x08005814   Section        0  usart.o(i._sys_exit)
    i.delay_init                             0x08005818   Section        0  delay.o(i.delay_init)
    i.delay_ms                               0x0800585c   Section        0  delay.o(i.delay_ms)
    i.delay_us                               0x080058a8   Section        0  delay.o(i.delay_us)
    i.main                                   0x080058f4   Section        0  main.o(i.main)
    i.sqrt                                   0x08005bb0   Section        0  sqrt.o(i.sqrt)
    i.uart_init                              0x08005bfc   Section        0  usart.o(i.uart_init)
    x$fpl$dadd                               0x08005c9c   Section      336  daddsub_clz.o(x$fpl$dadd)
    _dadd1                                   0x08005cad   Thumb Code     0  daddsub_clz.o(x$fpl$dadd)
    x$fpl$ddiv                               0x08005dec   Section      688  ddiv.o(x$fpl$ddiv)
    ddiv_entry                               0x08005df3   Thumb Code     0  ddiv.o(x$fpl$ddiv)
    x$fpl$dfix                               0x0800609c   Section       94  dfix.o(x$fpl$dfix)
    x$fpl$dflt                               0x080060fa   Section       46  dflt_clz.o(x$fpl$dflt)
    x$fpl$dfltu                              0x08006128   Section       38  dflt_clz.o(x$fpl$dfltu)
    x$fpl$dmul                               0x08006150   Section      340  dmul.o(x$fpl$dmul)
    x$fpl$dnaninf                            0x080062a4   Section      156  dnaninf.o(x$fpl$dnaninf)
    x$fpl$dretinf                            0x08006340   Section       12  dretinf.o(x$fpl$dretinf)
    x$fpl$dsqrt                              0x0800634c   Section      460  dsqrt_noumaal.o(x$fpl$dsqrt)
    x$fpl$dsub                               0x08006518   Section      468  daddsub_clz.o(x$fpl$dsub)
    _dsub1                                   0x08006529   Thumb Code     0  daddsub_clz.o(x$fpl$dsub)
    .constdata                               0x080066ec   Section     7534  gui.o(.constdata)
    x$fpl$usenofp                            0x080066ec   Section        0  usenofp.o(x$fpl$usenofp)
    .data                                    0x20000000   Section      105  main.o(.data)
    col                                      0x20000000   Data           4  main.o(.data)
    row                                      0x20000004   Data           4  main.o(.data)
    page                                     0x20000008   Data           1  main.o(.data)
    smode                                    0x20000009   Data           1  main.o(.data)
    wz                                       0x2000000a   Data           1  main.o(.data)
    .data                                    0x2000006c   Section       20  system_stm32f10x.o(.data)
    .data                                    0x20000080   Section        4  delay.o(.data)
    fac_us                                   0x20000080   Data           1  delay.o(.data)
    fac_ms                                   0x20000082   Data           2  delay.o(.data)
    .data                                    0x20000084   Section        4  can.o(.data)
    .data                                    0x20000088   Section       24  timer.o(.data)
    buf                                      0x20000088   Data           3  timer.o(.data)
    secn                                     0x2000009f   Data           1  timer.o(.data)
    .data                                    0x200000a0   Section      220  gui.o(.data)
    LJI                                      0x200000a0   Data           4  gui.o(.data)
    WD_1                                     0x200000ac   Data           4  gui.o(.data)
    .data                                    0x2000017c   Section       47  setcs.o(.data)
    col                                      0x2000017c   Data           4  setcs.o(.data)
    row                                      0x20000180   Data           4  setcs.o(.data)
    page                                     0x20000184   Data           1  setcs.o(.data)
    smode                                    0x20000185   Data           1  setcs.o(.data)
    wz                                       0x20000186   Data           1  setcs.o(.data)
    tem                                      0x20000187   Data           1  setcs.o(.data)
    fx                                       0x20000189   Data           1  setcs.o(.data)
    xgbz                                     0x2000018a   Data           1  setcs.o(.data)
    skey                                     0x2000018b   Data           1  setcs.o(.data)
    lsk                                      0x2000018c   Data           1  setcs.o(.data)
    addr                                     0x2000018e   Data           2  setcs.o(.data)
    ss                                       0x20000190   Data           7  setcs.o(.data)
    ld                                       0x20000197   Data           8  setcs.o(.data)
    qc                                       0x2000019f   Data           6  setcs.o(.data)
    dd                                       0x200001a5   Data           6  setcs.o(.data)
    .data                                    0x200001ac   Section       16  24c64.o(.data)
    .data                                    0x200001bc   Section        2  tm7707.o(.data)
    .data                                    0x200001be   Section       20  stm32f10x_rcc.o(.data)
    APBAHBPrescTable                         0x200001be   Data          16  stm32f10x_rcc.o(.data)
    ADCPrescTable                            0x200001ce   Data           4  stm32f10x_rcc.o(.data)
    .data                                    0x200001d2   Section       18  mport.o(.data)
    .data                                    0x200001e4   Section        8  protocol.o(.data)
    .bss                                     0x200001ec   Section       40  main.o(.bss)
    .bss                                     0x20000214   Section       40  gui.o(.bss)
    PJ                                       0x20000214   Data          40  gui.o(.bss)
    .bss                                     0x2000023c   Section     1024  oled.o(.bss)
    OLED_buffer                              0x2000023c   Data        1024  oled.o(.bss)
    .bss                                     0x2000063c   Section       96  libspace.o(.bss)
    HEAP                                     0x200006a0   Section      512  startup_stm32f10x_hd.o(HEAP)
    Heap_Mem                                 0x200006a0   Data         512  startup_stm32f10x_hd.o(HEAP)
    STACK                                    0x200008a0   Section     1024  startup_stm32f10x_hd.o(STACK)
    Stack_Mem                                0x200008a0   Data        1024  startup_stm32f10x_hd.o(STACK)
    __initial_sp                             0x20000ca0   Data           0  startup_stm32f10x_hd.o(STACK)
    .ARM.__AT_0x68000000                     0x68000000   Section    983040  malloc.o(.ARM.__AT_0x68000000)
    .ARM.__AT_0x680F0000                     0x680f0000   Section    61440  malloc.o(.ARM.__AT_0x680F0000)

    Global Symbols

    Symbol Name                              Value     Ov Type        Size  Object(Section)

    BuildAttributes$$THM_ISAv4$P$D$K$B$S$PE$A:L22UL41UL21$X:L11$S22US41US21$IEEE1$IW$USESV6$~STKCKD$USESV7$~SHL$OTIME$ROPI$IEEEJ$EBA8$UX$STANDARDLIB$REQ8$PRES8$EABIv2 0x00000000   Number         0  anon$$obj.o ABSOLUTE
    __ARM_use_no_argv                        0x00000000   Number         0  main.o ABSOLUTE
    __ARM_exceptions_init                     - Undefined Weak Reference
    __alloca_initialize                       - Undefined Weak Reference
    __arm_preinit_                            - Undefined Weak Reference
    __cpp_initialize__aeabi_                  - Undefined Weak Reference
    __cxa_finalize                            - Undefined Weak Reference
    __rt_locale                               - Undefined Weak Reference
    __sigvec_lookup                           - Undefined Weak Reference
    _atexit_init                              - Undefined Weak Reference
    _call_atexit_fns                          - Undefined Weak Reference
    _clock_init                               - Undefined Weak Reference
    _fp_trap_init                             - Undefined Weak Reference
    _fp_trap_shutdown                         - Undefined Weak Reference
    _get_lc_collate                           - Undefined Weak Reference
    _get_lc_ctype                             - Undefined Weak Reference
    _get_lc_monetary                          - Undefined Weak Reference
    _get_lc_numeric                           - Undefined Weak Reference
    _get_lc_time                              - Undefined Weak Reference
    _getenv_init                              - Undefined Weak Reference
    _handle_redirection                       - Undefined Weak Reference
    _init_alloc                               - Undefined Weak Reference
    _init_user_alloc                          - Undefined Weak Reference
    _initio                                   - Undefined Weak Reference
    _rand_init                                - Undefined Weak Reference
    _signal_finish                            - Undefined Weak Reference
    _signal_init                              - Undefined Weak Reference
    _terminate_alloc                          - Undefined Weak Reference
    _terminate_user_alloc                     - Undefined Weak Reference
    _terminateio                              - Undefined Weak Reference
    __Vectors_Size                           0x00000130   Number         0  startup_stm32f10x_hd.o ABSOLUTE
    __Vectors                                0x08000000   Data           4  startup_stm32f10x_hd.o(RESET)
    __Vectors_End                            0x08000130   Data           0  startup_stm32f10x_hd.o(RESET)
    __main                                   0x08000131   Thumb Code     8  __main.o(!!!main)
    __scatterload                            0x08000139   Thumb Code     0  __scatter.o(!!!scatter)
    __scatterload_rt2                        0x08000139   Thumb Code    44  __scatter.o(!!!scatter)
    __scatterload_rt2_thumb_only             0x08000139   Thumb Code     0  __scatter.o(!!!scatter)
    __scatterload_null                       0x08000147   Thumb Code     0  __scatter.o(!!!scatter)
    __decompress                             0x0800016d   Thumb Code    90  __dczerorl2.o(!!dczerorl2)
    __decompress1                            0x0800016d   Thumb Code     0  __dczerorl2.o(!!dczerorl2)
    __scatterload_zeroinit                   0x080001c9   Thumb Code    28  __scatter_zi.o(!!handler_zi)
    __rt_lib_init                            0x080001e5   Thumb Code     0  libinit.o(.ARM.Collect$$libinit$$00000000)
    __rt_lib_init_alloca_1                   0x080001e7   Thumb Code     0  libinit2.o(.ARM.Collect$$libinit$$0000002E)
    __rt_lib_init_argv_1                     0x080001e7   Thumb Code     0  libinit2.o(.ARM.Collect$$libinit$$0000002C)
    __rt_lib_init_atexit_1                   0x080001e7   Thumb Code     0  libinit2.o(.ARM.Collect$$libinit$$0000001B)
    __rt_lib_init_clock_1                    0x080001e7   Thumb Code     0  libinit2.o(.ARM.Collect$$libinit$$00000021)
    __rt_lib_init_cpp_1                      0x080001e7   Thumb Code     0  libinit2.o(.ARM.Collect$$libinit$$00000032)
    __rt_lib_init_exceptions_1               0x080001e7   Thumb Code     0  libinit2.o(.ARM.Collect$$libinit$$00000030)
    __rt_lib_init_fp_1                       0x080001e7   Thumb Code     0  libinit2.o(.ARM.Collect$$libinit$$00000002)
    __rt_lib_init_fp_trap_1                  0x080001e7   Thumb Code     0  libinit2.o(.ARM.Collect$$libinit$$0000001F)
    __rt_lib_init_getenv_1                   0x080001e7   Thumb Code     0  libinit2.o(.ARM.Collect$$libinit$$00000023)
    __rt_lib_init_heap_1                     0x080001e7   Thumb Code     0  libinit2.o(.ARM.Collect$$libinit$$0000000A)
    __rt_lib_init_lc_collate_1               0x080001e7   Thumb Code     0  libinit2.o(.ARM.Collect$$libinit$$00000011)
    __rt_lib_init_lc_ctype_1                 0x080001e7   Thumb Code     0  libinit2.o(.ARM.Collect$$libinit$$00000013)
    __rt_lib_init_lc_monetary_1              0x080001e7   Thumb Code     0  libinit2.o(.ARM.Collect$$libinit$$00000015)
    __rt_lib_init_lc_numeric_1               0x080001e7   Thumb Code     0  libinit2.o(.ARM.Collect$$libinit$$00000017)
    __rt_lib_init_lc_time_1                  0x080001e7   Thumb Code     0  libinit2.o(.ARM.Collect$$libinit$$00000019)
    __rt_lib_init_preinit_1                  0x080001e7   Thumb Code     0  libinit2.o(.ARM.Collect$$libinit$$00000004)
    __rt_lib_init_rand_1                     0x080001e7   Thumb Code     0  libinit2.o(.ARM.Collect$$libinit$$0000000E)
    __rt_lib_init_return                     0x080001e7   Thumb Code     0  libinit2.o(.ARM.Collect$$libinit$$00000033)
    __rt_lib_init_signal_1                   0x080001e7   Thumb Code     0  libinit2.o(.ARM.Collect$$libinit$$0000001D)
    __rt_lib_init_stdio_1                    0x080001e7   Thumb Code     0  libinit2.o(.ARM.Collect$$libinit$$00000025)
    __rt_lib_init_user_alloc_1               0x080001e7   Thumb Code     0  libinit2.o(.ARM.Collect$$libinit$$0000000C)
    __rt_lib_shutdown                        0x080001e9   Thumb Code     0  libshutdown.o(.ARM.Collect$$libshutdown$$00000000)
    __rt_lib_shutdown_cpp_1                  0x080001eb   Thumb Code     0  libshutdown2.o(.ARM.Collect$$libshutdown$$00000002)
    __rt_lib_shutdown_fp_trap_1              0x080001eb   Thumb Code     0  libshutdown2.o(.ARM.Collect$$libshutdown$$00000007)
    __rt_lib_shutdown_heap_1                 0x080001eb   Thumb Code     0  libshutdown2.o(.ARM.Collect$$libshutdown$$0000000F)
    __rt_lib_shutdown_return                 0x080001eb   Thumb Code     0  libshutdown2.o(.ARM.Collect$$libshutdown$$00000010)
    __rt_lib_shutdown_signal_1               0x080001eb   Thumb Code     0  libshutdown2.o(.ARM.Collect$$libshutdown$$0000000A)
    __rt_lib_shutdown_stdio_1                0x080001eb   Thumb Code     0  libshutdown2.o(.ARM.Collect$$libshutdown$$00000004)
    __rt_lib_shutdown_user_alloc_1           0x080001eb   Thumb Code     0  libshutdown2.o(.ARM.Collect$$libshutdown$$0000000C)
    __rt_entry                               0x080001ed   Thumb Code     0  __rtentry.o(.ARM.Collect$$rtentry$$00000000)
    __rt_entry_presh_1                       0x080001ed   Thumb Code     0  __rtentry2.o(.ARM.Collect$$rtentry$$00000002)
    __rt_entry_sh                            0x080001ed   Thumb Code     0  __rtentry4.o(.ARM.Collect$$rtentry$$00000004)
    __rt_entry_li                            0x080001f3   Thumb Code     0  __rtentry2.o(.ARM.Collect$$rtentry$$0000000A)
    __rt_entry_postsh_1                      0x080001f3   Thumb Code     0  __rtentry2.o(.ARM.Collect$$rtentry$$00000009)
    __rt_entry_main                          0x080001f7   Thumb Code     0  __rtentry2.o(.ARM.Collect$$rtentry$$0000000D)
    __rt_entry_postli_1                      0x080001f7   Thumb Code     0  __rtentry2.o(.ARM.Collect$$rtentry$$0000000C)
    __rt_exit                                0x080001ff   Thumb Code     0  rtexit.o(.ARM.Collect$$rtexit$$00000000)
    __rt_exit_ls                             0x08000201   Thumb Code     0  rtexit2.o(.ARM.Collect$$rtexit$$00000003)
    __rt_exit_prels_1                        0x08000201   Thumb Code     0  rtexit2.o(.ARM.Collect$$rtexit$$00000002)
    __rt_exit_exit                           0x08000205   Thumb Code     0  rtexit2.o(.ARM.Collect$$rtexit$$00000004)
    Reset_Handler                            0x0800020d   Thumb Code     8  startup_stm32f10x_hd.o(.text)
    ADC1_2_IRQHandler                        0x08000227   Thumb Code     0  startup_stm32f10x_hd.o(.text)
    ADC3_IRQHandler                          0x08000227   Thumb Code     0  startup_stm32f10x_hd.o(.text)
    CAN1_RX1_IRQHandler                      0x08000227   Thumb Code     0  startup_stm32f10x_hd.o(.text)
    CAN1_SCE_IRQHandler                      0x08000227   Thumb Code     0  startup_stm32f10x_hd.o(.text)
    DMA1_Channel1_IRQHandler                 0x08000227   Thumb Code     0  startup_stm32f10x_hd.o(.text)
    DMA1_Channel2_IRQHandler                 0x08000227   Thumb Code     0  startup_stm32f10x_hd.o(.text)
    DMA1_Channel3_IRQHandler                 0x08000227   Thumb Code     0  startup_stm32f10x_hd.o(.text)
    DMA1_Channel4_IRQHandler                 0x08000227   Thumb Code     0  startup_stm32f10x_hd.o(.text)
    DMA1_Channel5_IRQHandler                 0x08000227   Thumb Code     0  startup_stm32f10x_hd.o(.text)
    DMA1_Channel6_IRQHandler                 0x08000227   Thumb Code     0  startup_stm32f10x_hd.o(.text)
    DMA1_Channel7_IRQHandler                 0x08000227   Thumb Code     0  startup_stm32f10x_hd.o(.text)
    DMA2_Channel1_IRQHandler                 0x08000227   Thumb Code     0  startup_stm32f10x_hd.o(.text)
    DMA2_Channel2_IRQHandler                 0x08000227   Thumb Code     0  startup_stm32f10x_hd.o(.text)
    DMA2_Channel3_IRQHandler                 0x08000227   Thumb Code     0  startup_stm32f10x_hd.o(.text)
    DMA2_Channel4_5_IRQHandler               0x08000227   Thumb Code     0  startup_stm32f10x_hd.o(.text)
    EXTI0_IRQHandler                         0x08000227   Thumb Code     0  startup_stm32f10x_hd.o(.text)
    EXTI15_10_IRQHandler                     0x08000227   Thumb Code     0  startup_stm32f10x_hd.o(.text)
    EXTI2_IRQHandler                         0x08000227   Thumb Code     0  startup_stm32f10x_hd.o(.text)
    EXTI3_IRQHandler                         0x08000227   Thumb Code     0  startup_stm32f10x_hd.o(.text)
    EXTI4_IRQHandler                         0x08000227   Thumb Code     0  startup_stm32f10x_hd.o(.text)
    EXTI9_5_IRQHandler                       0x08000227   Thumb Code     0  startup_stm32f10x_hd.o(.text)
    FLASH_IRQHandler                         0x08000227   Thumb Code     0  startup_stm32f10x_hd.o(.text)
    FSMC_IRQHandler                          0x08000227   Thumb Code     0  startup_stm32f10x_hd.o(.text)
    I2C1_ER_IRQHandler                       0x08000227   Thumb Code     0  startup_stm32f10x_hd.o(.text)
    I2C1_EV_IRQHandler                       0x08000227   Thumb Code     0  startup_stm32f10x_hd.o(.text)
    I2C2_ER_IRQHandler                       0x08000227   Thumb Code     0  startup_stm32f10x_hd.o(.text)
    I2C2_EV_IRQHandler                       0x08000227   Thumb Code     0  startup_stm32f10x_hd.o(.text)
    RCC_IRQHandler                           0x08000227   Thumb Code     0  startup_stm32f10x_hd.o(.text)
    RTCAlarm_IRQHandler                      0x08000227   Thumb Code     0  startup_stm32f10x_hd.o(.text)
    RTC_IRQHandler                           0x08000227   Thumb Code     0  startup_stm32f10x_hd.o(.text)
    SDIO_IRQHandler                          0x08000227   Thumb Code     0  startup_stm32f10x_hd.o(.text)
    SPI1_IRQHandler                          0x08000227   Thumb Code     0  startup_stm32f10x_hd.o(.text)
    SPI2_IRQHandler                          0x08000227   Thumb Code     0  startup_stm32f10x_hd.o(.text)
    SPI3_IRQHandler                          0x08000227   Thumb Code     0  startup_stm32f10x_hd.o(.text)
    TAMPER_IRQHandler                        0x08000227   Thumb Code     0  startup_stm32f10x_hd.o(.text)
    TIM1_BRK_IRQHandler                      0x08000227   Thumb Code     0  startup_stm32f10x_hd.o(.text)
    TIM1_CC_IRQHandler                       0x08000227   Thumb Code     0  startup_stm32f10x_hd.o(.text)
    TIM1_TRG_COM_IRQHandler                  0x08000227   Thumb Code     0  startup_stm32f10x_hd.o(.text)
    TIM1_UP_IRQHandler                       0x08000227   Thumb Code     0  startup_stm32f10x_hd.o(.text)
    TIM2_IRQHandler                          0x08000227   Thumb Code     0  startup_stm32f10x_hd.o(.text)
    TIM3_IRQHandler                          0x08000227   Thumb Code     0  startup_stm32f10x_hd.o(.text)
    TIM5_IRQHandler                          0x08000227   Thumb Code     0  startup_stm32f10x_hd.o(.text)
    TIM6_IRQHandler                          0x08000227   Thumb Code     0  startup_stm32f10x_hd.o(.text)
    TIM7_IRQHandler                          0x08000227   Thumb Code     0  startup_stm32f10x_hd.o(.text)
    TIM8_BRK_IRQHandler                      0x08000227   Thumb Code     0  startup_stm32f10x_hd.o(.text)
    TIM8_CC_IRQHandler                       0x08000227   Thumb Code     0  startup_stm32f10x_hd.o(.text)
    TIM8_TRG_COM_IRQHandler                  0x08000227   Thumb Code     0  startup_stm32f10x_hd.o(.text)
    TIM8_UP_IRQHandler                       0x08000227   Thumb Code     0  startup_stm32f10x_hd.o(.text)
    UART4_IRQHandler                         0x08000227   Thumb Code     0  startup_stm32f10x_hd.o(.text)
    UART5_IRQHandler                         0x08000227   Thumb Code     0  startup_stm32f10x_hd.o(.text)
    USART2_IRQHandler                        0x08000227   Thumb Code     0  startup_stm32f10x_hd.o(.text)
    USART3_IRQHandler                        0x08000227   Thumb Code     0  startup_stm32f10x_hd.o(.text)
    USBWakeUp_IRQHandler                     0x08000227   Thumb Code     0  startup_stm32f10x_hd.o(.text)
    USB_HP_CAN1_TX_IRQHandler                0x08000227   Thumb Code     0  startup_stm32f10x_hd.o(.text)
    WWDG_IRQHandler                          0x08000227   Thumb Code     0  startup_stm32f10x_hd.o(.text)
    __user_initial_stackheap                 0x08000229   Thumb Code     0  startup_stm32f10x_hd.o(.text)
    __use_no_semihosting                     0x0800024d   Thumb Code     2  use_no_semi_2.o(.text)
    __aeabi_memset                           0x0800024f   Thumb Code    16  aeabi_memset.o(.text)
    __aeabi_memclr                           0x0800025f   Thumb Code     0  rt_memclr.o(.text)
    __rt_memclr                              0x0800025f   Thumb Code    68  rt_memclr.o(.text)
    _memset                                  0x08000263   Thumb Code     0  rt_memclr.o(.text)
    __use_two_region_memory                  0x080002a3   Thumb Code     2  heapauxi.o(.text)
    __rt_heap_escrow$2region                 0x080002a5   Thumb Code     2  heapauxi.o(.text)
    __rt_heap_expand$2region                 0x080002a7   Thumb Code     2  heapauxi.o(.text)
    __I$use$semihosting                      0x080002a9   Thumb Code     0  use_no_semi.o(.text)
    __use_no_semihosting_swi                 0x080002a9   Thumb Code     2  use_no_semi.o(.text)
    __read_errno                             0x080002ab   Thumb Code    10  _rserrno.o(.text)
    __set_errno                              0x080002b5   Thumb Code    12  _rserrno.o(.text)
    __aeabi_memclr4                          0x080002c1   Thumb Code     0  rt_memclr_w.o(.text)
    __aeabi_memclr8                          0x080002c1   Thumb Code     0  rt_memclr_w.o(.text)
    __rt_memclr_w                            0x080002c1   Thumb Code    78  rt_memclr_w.o(.text)
    _memset_w                                0x080002c5   Thumb Code     0  rt_memclr_w.o(.text)
    __aeabi_errno_addr                       0x08000311   Thumb Code     8  rt_errno_addr_intlibspace.o(.text)
    __errno$intlibspace                      0x08000311   Thumb Code     0  rt_errno_addr_intlibspace.o(.text)
    __rt_errno_addr$intlibspace              0x08000311   Thumb Code     0  rt_errno_addr_intlibspace.o(.text)
    __user_libspace                          0x08000319   Thumb Code     8  libspace.o(.text)
    __user_perproc_libspace                  0x08000319   Thumb Code     0  libspace.o(.text)
    __user_perthread_libspace                0x08000319   Thumb Code     0  libspace.o(.text)
    __user_setup_stackheap                   0x08000321   Thumb Code    74  sys_stackheap_outer.o(.text)
    exit                                     0x0800036b   Thumb Code    18  exit.o(.text)
    AT24CXX_Init                             0x0800037d   Thumb Code   924  24c64.o(i.AT24CXX_Init)
    AT24CXX_Read                             0x08000731   Thumb Code   112  24c64.o(i.AT24CXX_Read)
    AT24CXX_Write                            0x080007a1   Thumb Code   106  24c64.o(i.AT24CXX_Write)
    A_N_24C64                                0x08000811   Thumb Code    76  24c64.o(i.A_N_24C64)
    BL_24c64                                 0x0800085d   Thumb Code   442  24c64.o(i.BL_24c64)
    BusFault_Handler                         0x08000a45   Thumb Code     4  stm32f10x_it.o(i.BusFault_Handler)
    CAN_Answer                               0x08000a49   Thumb Code  2694  setcs.o(i.CAN_Answer)
    CAN_FilterInit                           0x080014d5   Thumb Code   258  stm32f10x_can.o(i.CAN_FilterInit)
    CAN_ITConfig                             0x080015dd   Thumb Code    18  stm32f10x_can.o(i.CAN_ITConfig)
    CAN_Init                                 0x080015ef   Thumb Code   276  stm32f10x_can.o(i.CAN_Init)
    CAN_Mode_Init                            0x08001705   Thumb Code   234  can.o(i.CAN_Mode_Init)
    CAN_Receive                              0x080017f9   Thumb Code   240  stm32f10x_can.o(i.CAN_Receive)
    CAN_SAVE                                 0x080018e9   Thumb Code   768  setcs.o(i.CAN_SAVE)
    CAN_SET                                  0x08001bf9   Thumb Code   134  pic.o(i.CAN_SET)
    CAN_Transmit                             0x08001c95   Thumb Code   294  stm32f10x_can.o(i.CAN_Transmit)
    CAN_TransmitStatus                       0x08001dbd   Thumb Code   138  stm32f10x_can.o(i.CAN_TransmitStatus)
    Can_Send_Msg                             0x08001e5d   Thumb Code    98  can.o(i.Can_Send_Msg)
    DebugMon_Handler                         0x08001ec5   Thumb Code     2  stm32f10x_it.o(i.DebugMon_Handler)
    EXTI1_IRQHandler                         0x08001ec9   Thumb Code    52  timer.o(i.EXTI1_IRQHandler)
    EXTI_GetITStatus                         0x08001f05   Thumb Code    34  stm32f10x_exti.o(i.EXTI_GetITStatus)
    FIRST                                    0x08001f2d   Thumb Code   158  pic.o(i.FIRST)
    FIRST_2                                  0x08001ff5   Thumb Code   170  pic.o(i.FIRST_2)
    FIVE                                     0x080020c5   Thumb Code    66  pic.o(i.FIVE)
    FOUR                                     0x08002125   Thumb Code    84  pic.o(i.FOUR)
    GPIO_Init                                0x080021ad   Thumb Code   278  stm32f10x_gpio.o(i.GPIO_Init)
    GPIO_ReadInputDataBit                    0x080022c3   Thumb Code    18  stm32f10x_gpio.o(i.GPIO_ReadInputDataBit)
    GPIO_ResetBits                           0x080022d5   Thumb Code     4  stm32f10x_gpio.o(i.GPIO_ResetBits)
    GPIO_SetBits                             0x080022d9   Thumb Code     4  stm32f10x_gpio.o(i.GPIO_SetBits)
    GUI_DrawLine                             0x080022dd   Thumb Code   176  gui.o(i.GUI_DrawLine)
    GUI_DrawRectangle                        0x0800238d   Thumb Code    74  gui.o(i.GUI_DrawRectangle)
    GUI_ShowCHinese                          0x080023d7   Thumb Code   106  gui.o(i.GUI_ShowCHinese)
    GUI_ShowChar                             0x08002441   Thumb Code   490  gui.o(i.GUI_ShowChar)
    GUI_ShowFont16                           0x0800263d   Thumb Code   236  gui.o(i.GUI_ShowFont16)
    GUI_ShowFont24                           0x0800272d   Thumb Code   256  gui.o(i.GUI_ShowFont24)
    GUI_ShowFont32                           0x08002831   Thumb Code   244  gui.o(i.GUI_ShowFont32)
    GUI_ShowString                           0x08002929   Thumb Code   144  gui.o(i.GUI_ShowString)
    HardFault_Handler                        0x080029b9   Thumb Code     4  stm32f10x_it.o(i.HardFault_Handler)
    I1C_Ack                                  0x080029bd   Thumb Code    68  myiic.o(i.I1C_Ack)
    I1C_Init                                 0x08002a09   Thumb Code    46  myiic.o(i.I1C_Init)
    I1C_NAck                                 0x08002a3d   Thumb Code    68  myiic.o(i.I1C_NAck)
    I1C_Read_Byte                            0x08002a89   Thumb Code    80  myiic.o(i.I1C_Read_Byte)
    I1C_Send_Byte                            0x08002ae1   Thumb Code    86  myiic.o(i.I1C_Send_Byte)
    I1C_Start                                0x08002b41   Thumb Code    78  myiic.o(i.I1C_Start)
    I1C_Stop                                 0x08002b9d   Thumb Code    74  myiic.o(i.I1C_Stop)
    I1C_Wait_Ack                             0x08002bf5   Thumb Code    64  myiic.o(i.I1C_Wait_Ack)
    KEY_Init                                 0x08002c39   Thumb Code    38  key.o(i.KEY_Init)
    KEY_Scan                                 0x08002c65   Thumb Code   104  key.o(i.KEY_Scan)
    LED_Init                                 0x08002cd1   Thumb Code    40  led.o(i.LED_Init)
    LJLL_Data                                0x08002cfd   Thumb Code   170  timer.o(i.LJLL_Data)
    MENU                                     0x08002dc1   Thumb Code    90  pic.o(i.MENU)
    Made_Data                                0x08002e5d   Thumb Code    70  timer.o(i.Made_Data)
    MemManage_Handler                        0x08002ea9   Thumb Code     4  stm32f10x_it.o(i.MemManage_Handler)
    NMI_Handler                              0x08002ead   Thumb Code     2  stm32f10x_it.o(i.NMI_Handler)
    NUM_A                                    0x08002eaf   Thumb Code    70  gui.o(i.NUM_A)
    NVIC_Init                                0x08002ef5   Thumb Code   100  misc.o(i.NVIC_Init)
    NVIC_PriorityGroupConfig                 0x08002f65   Thumb Code    10  misc.o(i.NVIC_PriorityGroupConfig)
    N_A                                      0x08002f79   Thumb Code    36  timer.o(i.N_A)
    OLED_Clear                               0x08002f9d   Thumb Code    36  oled.o(i.OLED_Clear)
    OLED_Display                             0x08002fc5   Thumb Code    68  oled.o(i.OLED_Display)
    OLED_Display_Off                         0x0800300d   Thumb Code    28  oled.o(i.OLED_Display_Off)
    OLED_Display_On                          0x08003029   Thumb Code    28  oled.o(i.OLED_Display_On)
    OLED_Init                                0x08003045   Thumb Code   254  oled.o(i.OLED_Init)
    OLED_Init_GPIO                           0x08003145   Thumb Code    46  oled.o(i.OLED_Init_GPIO)
    OLED_Reset                               0x08003179   Thumb Code    40  oled.o(i.OLED_Reset)
    OLED_Set_Pixel                           0x080031a5   Thumb Code   122  oled.o(i.OLED_Set_Pixel)
    OLED_WR_Byte                             0x08003225   Thumb Code    52  oled.o(i.OLED_WR_Byte)
    ONE                                      0x08003261   Thumb Code   136  pic.o(i.ONE)
    PVD_IRQHandler                           0x08003321   Thumb Code    74  timer.o(i.PVD_IRQHandler)
    PendSV_Handler                           0x08003379   Thumb Code     2  stm32f10x_it.o(i.PendSV_Handler)
    QJHM                                     0x0800337d   Thumb Code    98  pic.o(i.QJHM)
    RCC_APB1PeriphClockCmd                   0x080033f9   Thumb Code    26  stm32f10x_rcc.o(i.RCC_APB1PeriphClockCmd)
    RCC_APB2PeriphClockCmd                   0x08003419   Thumb Code    26  stm32f10x_rcc.o(i.RCC_APB2PeriphClockCmd)
    RCC_GetClocksFreq                        0x08003439   Thumb Code   192  stm32f10x_rcc.o(i.RCC_GetClocksFreq)
    SDA_IN                                   0x0800350d   Thumb Code    40  myiic.o(i.SDA_IN)
    SET_COME                                 0x08003539   Thumb Code  4398  setcs.o(i.SET_COME)
    SET_IN                                   0x0800467d   Thumb Code    38  setcs.o(i.SET_IN)
    SEV                                      0x080046b9   Thumb Code    26  pic.o(i.SEV)
    SIX                                      0x080046e1   Thumb Code   114  pic.o(i.SIX)
    SPI1_Init                                0x08004789   Thumb Code   144  spi.o(i.SPI1_Init)
    SPI_Cmd                                  0x08004821   Thumb Code    24  stm32f10x_spi.o(i.SPI_Cmd)
    SPI_Init                                 0x08004839   Thumb Code    60  stm32f10x_spi.o(i.SPI_Init)
    SPI_WriteByte                            0x08004875   Thumb Code    34  spi.o(i.SPI_WriteByte)
    SVC_Handler                              0x08004897   Thumb Code     2  stm32f10x_it.o(i.SVC_Handler)
    SysTick_CLKSourceConfig                  0x08004981   Thumb Code    40  misc.o(i.SysTick_CLKSourceConfig)
    SysTick_Handler                          0x080049a9   Thumb Code     2  stm32f10x_it.o(i.SysTick_Handler)
    SystemInit                               0x080049ad   Thumb Code    78  system_stm32f10x.o(i.SystemInit)
    THERR                                    0x08004a0d   Thumb Code    84  pic.o(i.THERR)
    TIM4_IRQHandler                          0x08004a95   Thumb Code   144  timer.o(i.TIM4_IRQHandler)
    TIM4_init                                0x08004b4d   Thumb Code    90  timer.o(i.TIM4_init)
    TIM_ClearITPendingBit                    0x08004bad   Thumb Code     6  stm32f10x_tim.o(i.TIM_ClearITPendingBit)
    TIM_Cmd                                  0x08004bb3   Thumb Code    24  stm32f10x_tim.o(i.TIM_Cmd)
    TIM_GetITStatus                          0x08004bcb   Thumb Code    34  stm32f10x_tim.o(i.TIM_GetITStatus)
    TIM_ITConfig                             0x08004bed   Thumb Code    18  stm32f10x_tim.o(i.TIM_ITConfig)
    TIM_TimeBaseInit                         0x08004c01   Thumb Code   122  stm32f10x_tim.o(i.TIM_TimeBaseInit)
    TM7705_CalibSelf                         0x08004ca5   Thumb Code   112  tm7707.o(i.TM7705_CalibSelf)
    TM7705_Read3Byte                         0x08004d25   Thumb Code    82  tm7707.o(i.TM7705_Read3Byte)
    TM7705_WaitDRDY                          0x08004e21   Thumb Code    52  tm7707.o(i.TM7705_WaitDRDY)
    TM7705_WriteByte                         0x08004e61   Thumb Code    60  tm7707.o(i.TM7705_WriteByte)
    TM7707_init                              0x08004ea5   Thumb Code   140  tm7707.o(i.TM7707_init)
    TP1000_ohm                               0x08004f39   Thumb Code   126  gui.o(i.TP1000_ohm)
    TP1000_wd_                               0x08004fd1   Thumb Code    54  gui.o(i.TP1000_wd_)
    TWO                                      0x08005011   Thumb Code    84  pic.o(i.TWO)
    USART1_IRQHandler                        0x08005099   Thumb Code   234  mport.o(i.USART1_IRQHandler)
    USART_Cmd                                0x08005199   Thumb Code    24  stm32f10x_usart.o(i.USART_Cmd)
    USART_ITConfig                           0x080051b1   Thumb Code    74  stm32f10x_usart.o(i.USART_ITConfig)
    USART_Init                               0x080051fd   Thumb Code   210  stm32f10x_usart.o(i.USART_Init)
    USB_LP_CAN1_RX0_IRQHandler               0x080052d5   Thumb Code    56  can.o(i.USB_LP_CAN1_RX0_IRQHandler)
    UsageFault_Handler                       0x0800531d   Thumb Code     4  stm32f10x_it.o(i.UsageFault_Handler)
    YS_CY                                    0x08005321   Thumb Code   178  gui.o(i.YS_CY)
    YS_LJ                                    0x080053e9   Thumb Code   114  gui.o(i.YS_LJ)
    YS_LL                                    0x0800546d   Thumb Code   328  gui.o(i.YS_LL)
    YS_WD                                    0x080055e9   Thumb Code   110  gui.o(i.YS_WD)
    YS_YM                                    0x08005665   Thumb Code    44  gui.o(i.YS_YM)
    YS_YS                                    0x08005695   Thumb Code   338  gui.o(i.YS_YS)
    _sys_exit                                0x08005815   Thumb Code     4  usart.o(i._sys_exit)
    delay_init                               0x08005819   Thumb Code    50  delay.o(i.delay_init)
    delay_ms                                 0x0800585d   Thumb Code    72  delay.o(i.delay_ms)
    delay_us                                 0x080058a9   Thumb Code    72  delay.o(i.delay_us)
    main                                     0x080058f5   Thumb Code   616  main.o(i.main)
    sqrt                                     0x08005bb1   Thumb Code    76  sqrt.o(i.sqrt)
    uart_init                                0x08005bfd   Thumb Code   152  usart.o(i.uart_init)
    __aeabi_dadd                             0x08005c9d   Thumb Code     0  daddsub_clz.o(x$fpl$dadd)
    _dadd                                    0x08005c9d   Thumb Code   332  daddsub_clz.o(x$fpl$dadd)
    __aeabi_ddiv                             0x08005ded   Thumb Code     0  ddiv.o(x$fpl$ddiv)
    _ddiv                                    0x08005ded   Thumb Code   552  ddiv.o(x$fpl$ddiv)
    __aeabi_d2iz                             0x0800609d   Thumb Code     0  dfix.o(x$fpl$dfix)
    _dfix                                    0x0800609d   Thumb Code    94  dfix.o(x$fpl$dfix)
    __aeabi_i2d                              0x080060fb   Thumb Code     0  dflt_clz.o(x$fpl$dflt)
    _dflt                                    0x080060fb   Thumb Code    46  dflt_clz.o(x$fpl$dflt)
    __aeabi_ui2d                             0x08006129   Thumb Code     0  dflt_clz.o(x$fpl$dfltu)
    _dfltu                                   0x08006129   Thumb Code    38  dflt_clz.o(x$fpl$dfltu)
    __aeabi_dmul                             0x08006151   Thumb Code     0  dmul.o(x$fpl$dmul)
    _dmul                                    0x08006151   Thumb Code   332  dmul.o(x$fpl$dmul)
    __fpl_dnaninf                            0x080062a5   Thumb Code   156  dnaninf.o(x$fpl$dnaninf)
    __fpl_dretinf                            0x08006341   Thumb Code    12  dretinf.o(x$fpl$dretinf)
    _dsqrt                                   0x0800634d   Thumb Code   456  dsqrt_noumaal.o(x$fpl$dsqrt)
    __aeabi_dsub                             0x08006519   Thumb Code     0  daddsub_clz.o(x$fpl$dsub)
    _dsub                                    0x08006519   Thumb Code   464  daddsub_clz.o(x$fpl$dsub)
    F6x8                                     0x080066ec   Data         760  gui.o(.constdata)
    __I$use$fp                               0x080066ec   Number         0  usenofp.o(x$fpl$usenofp)
    F8X16                                    0x080069e4   Data        1520  gui.o(.constdata)
    F8X24                                    0x08006fd4   Data        2280  gui.o(.constdata)
    F8X32                                    0x080078bc   Data          16  gui.o(.constdata)
    cfont16                                  0x080078cc   Data        1734  gui.o(.constdata)
    cfont24                                  0x08007f92   Data         444  gui.o(.constdata)
    cfont32                                  0x0800814e   Data         780  gui.o(.constdata)
    Region$$Table$$Base                      0x0800845c   Number         0  anon$$obj.o(Region$$Table)
    Region$$Table$$Limit                     0x0800847c   Number         0  anon$$obj.o(Region$$Table)
    lwd                                      0x2000000b   Data           8  main.o(.data)
    lwd_pa                                   0x20000013   Data           8  main.o(.data)
    lll                                      0x2000001b   Data           8  main.o(.data)
    ljl                                      0x20000023   Data           8  main.o(.data)
    lsl                                      0x2000002b   Data           8  main.o(.data)
    cyl                                      0x20000033   Data           8  main.o(.data)
    jdl                                      0x2000003b   Data           8  main.o(.data)
    LJ                                       0x20000044   Data           4  main.o(.data)
    LL                                       0x20000048   Data           4  main.o(.data)
    ms1000                                   0x2000004c   Data           1  main.o(.data)
    A                                        0x2000004e   Data           2  main.o(.data)
    SZ_LD_Z                                  0x20000050   Data           2  main.o(.data)
    SZ_LD_F                                  0x20000052   Data           2  main.o(.data)
    SZ_QC_Z                                  0x20000054   Data           2  main.o(.data)
    SZ_QC_F                                  0x20000056   Data           2  main.o(.data)
    SZ_LL_Z                                  0x20000058   Data           4  main.o(.data)
    SZ_LL_F                                  0x2000005c   Data           4  main.o(.data)
    rxd_bz                                   0x20000060   Data           1  main.o(.data)
    canbuf_rxd                               0x20000061   Data           8  main.o(.data)
    SystemCoreClock                          0x2000006c   Data           4  system_stm32f10x.o(.data)
    AHBPrescTable                            0x20000070   Data          16  system_stm32f10x.o(.data)
    myid                                     0x20000084   Data           4  can.o(.data)
    C                                        0x2000008b   Data           1  timer.o(.data)
    B                                        0x2000008c   Data           1  timer.o(.data)
    B1                                       0x2000008d   Data           1  timer.o(.data)
    kl                                       0x2000008e   Data           8  timer.o(.data)
    run                                      0x20000096   Data           1  timer.o(.data)
    have                                     0x20000097   Data           1  timer.o(.data)
    ljks                                     0x20000098   Data           1  timer.o(.data)
    slj3                                     0x20000099   Data           1  timer.o(.data)
    slj30                                    0x2000009a   Data           1  timer.o(.data)
    sec                                      0x2000009b   Data           1  timer.o(.data)
    ms200                                    0x2000009c   Data           1  timer.o(.data)
    sec3                                     0x2000009d   Data           1  timer.o(.data)
    se30                                     0x2000009e   Data           1  timer.o(.data)
    BFB                                      0x200000a4   Data           1  gui.o(.data)
    WD                                       0x200000a8   Data           4  gui.o(.data)
    WinDu                                    0x200000b0   Data         204  gui.o(.data)
    key                                      0x20000188   Data           1  setcs.o(.data)
    JNW                                      0x200001ac   Data           8  24c64.o(.data)
    JNS                                      0x200001b4   Data           4  24c64.o(.data)
    NIAN                                     0x200001b8   Data           4  24c64.o(.data)
    kan                                      0x200001bc   Data           1  tm7707.o(.data)
    TM                                       0x200001bd   Data           1  tm7707.o(.data)
    QJ                                       0x200001d2   Data           6  mport.o(.data)
    QJp                                      0x200001d8   Data           1  mport.o(.data)
    JDL                                      0x200001d9   Data           8  mport.o(.data)
    QJs                                      0x200001e2   Data           2  mport.o(.data)
    m_ctrl_dev                               0x200001e4   Data           8  protocol.o(.data)
    SZ_JZ_Z                                  0x200001ec   Data          20  main.o(.bss)
    SZ_JZ_F                                  0x20000200   Data          20  main.o(.bss)
    __libspace_start                         0x2000063c   Data          96  libspace.o(.bss)
    __temporary_stack_top$libspace           0x2000069c   Data           0  libspace.o(.bss)
    mem2base                                 0x68000000   Data       983040  malloc.o(.ARM.__AT_0x68000000)
    mem2mapbase                              0x680f0000   Data       61440  malloc.o(.ARM.__AT_0x680F0000)



==============================================================================

Memory Map of the image

  Image Entry point : 0x0800020d

  Load Region LR_1 (Base: 0x08000000, Size: 0x00008668, Max: 0xffffffff, ABSOLUTE, COMPRESSED[0x00008550])

    Execution Region ER_RO (Exec base: 0x08000000, Load base: 0x08000000, Size: 0x0000847c, Max: 0xffffffff, ABSOLUTE)

    Exec Addr    Load Addr    Size         Type   Attr      Idx    E Section Name        Object

    0x08000000   0x08000000   0x00000130   Data   RO          429    RESET               startup_stm32f10x_hd.o
    0x08000130   0x08000130   0x00000008   Code   RO         3820  * !!!main             c_w.l(__main.o)
    0x08000138   0x08000138   0x00000034   Code   RO         4027    !!!scatter          c_w.l(__scatter.o)
    0x0800016c   0x0800016c   0x0000005a   Code   RO         4025    !!dczerorl2         c_w.l(__dczerorl2.o)
    0x080001c6   0x080001c6   0x00000002   PAD
    0x080001c8   0x080001c8   0x0000001c   Code   RO         4029    !!handler_zi        c_w.l(__scatter_zi.o)
    0x080001e4   0x080001e4   0x00000002   Code   RO         3902    .ARM.Collect$$libinit$$00000000  c_w.l(libinit.o)
    0x080001e6   0x080001e6   0x00000000   Code   RO         3906    .ARM.Collect$$libinit$$00000002  c_w.l(libinit2.o)
    0x080001e6   0x080001e6   0x00000000   Code   RO         3908    .ARM.Collect$$libinit$$00000004  c_w.l(libinit2.o)
    0x080001e6   0x080001e6   0x00000000   Code   RO         3911    .ARM.Collect$$libinit$$0000000A  c_w.l(libinit2.o)
    0x080001e6   0x080001e6   0x00000000   Code   RO         3913    .ARM.Collect$$libinit$$0000000C  c_w.l(libinit2.o)
    0x080001e6   0x080001e6   0x00000000   Code   RO         3915    .ARM.Collect$$libinit$$0000000E  c_w.l(libinit2.o)
    0x080001e6   0x080001e6   0x00000000   Code   RO         3918    .ARM.Collect$$libinit$$00000011  c_w.l(libinit2.o)
    0x080001e6   0x080001e6   0x00000000   Code   RO         3920    .ARM.Collect$$libinit$$00000013  c_w.l(libinit2.o)
    0x080001e6   0x080001e6   0x00000000   Code   RO         3922    .ARM.Collect$$libinit$$00000015  c_w.l(libinit2.o)
    0x080001e6   0x080001e6   0x00000000   Code   RO         3924    .ARM.Collect$$libinit$$00000017  c_w.l(libinit2.o)
    0x080001e6   0x080001e6   0x00000000   Code   RO         3926    .ARM.Collect$$libinit$$00000019  c_w.l(libinit2.o)
    0x080001e6   0x080001e6   0x00000000   Code   RO         3928    .ARM.Collect$$libinit$$0000001B  c_w.l(libinit2.o)
    0x080001e6   0x080001e6   0x00000000   Code   RO         3930    .ARM.Collect$$libinit$$0000001D  c_w.l(libinit2.o)
    0x080001e6   0x080001e6   0x00000000   Code   RO         3932    .ARM.Collect$$libinit$$0000001F  c_w.l(libinit2.o)
    0x080001e6   0x080001e6   0x00000000   Code   RO         3934    .ARM.Collect$$libinit$$00000021  c_w.l(libinit2.o)
    0x080001e6   0x080001e6   0x00000000   Code   RO         3936    .ARM.Collect$$libinit$$00000023  c_w.l(libinit2.o)
    0x080001e6   0x080001e6   0x00000000   Code   RO         3938    .ARM.Collect$$libinit$$00000025  c_w.l(libinit2.o)
    0x080001e6   0x080001e6   0x00000000   Code   RO         3942    .ARM.Collect$$libinit$$0000002C  c_w.l(libinit2.o)
    0x080001e6   0x080001e6   0x00000000   Code   RO         3944    .ARM.Collect$$libinit$$0000002E  c_w.l(libinit2.o)
    0x080001e6   0x080001e6   0x00000000   Code   RO         3946    .ARM.Collect$$libinit$$00000030  c_w.l(libinit2.o)
    0x080001e6   0x080001e6   0x00000000   Code   RO         3948    .ARM.Collect$$libinit$$00000032  c_w.l(libinit2.o)
    0x080001e6   0x080001e6   0x00000002   Code   RO         3949    .ARM.Collect$$libinit$$00000033  c_w.l(libinit2.o)
    0x080001e8   0x080001e8   0x00000002   Code   RO         3967    .ARM.Collect$$libshutdown$$00000000  c_w.l(libshutdown.o)
    0x080001ea   0x080001ea   0x00000000   Code   RO         3977    .ARM.Collect$$libshutdown$$00000002  c_w.l(libshutdown2.o)
    0x080001ea   0x080001ea   0x00000000   Code   RO         3979    .ARM.Collect$$libshutdown$$00000004  c_w.l(libshutdown2.o)
    0x080001ea   0x080001ea   0x00000000   Code   RO         3982    .ARM.Collect$$libshutdown$$00000007  c_w.l(libshutdown2.o)
    0x080001ea   0x080001ea   0x00000000   Code   RO         3985    .ARM.Collect$$libshutdown$$0000000A  c_w.l(libshutdown2.o)
    0x080001ea   0x080001ea   0x00000000   Code   RO         3987    .ARM.Collect$$libshutdown$$0000000C  c_w.l(libshutdown2.o)
    0x080001ea   0x080001ea   0x00000000   Code   RO         3990    .ARM.Collect$$libshutdown$$0000000F  c_w.l(libshutdown2.o)
    0x080001ea   0x080001ea   0x00000002   Code   RO         3991    .ARM.Collect$$libshutdown$$00000010  c_w.l(libshutdown2.o)
    0x080001ec   0x080001ec   0x00000000   Code   RO         3854    .ARM.Collect$$rtentry$$00000000  c_w.l(__rtentry.o)
    0x080001ec   0x080001ec   0x00000000   Code   RO         3869    .ARM.Collect$$rtentry$$00000002  c_w.l(__rtentry2.o)
    0x080001ec   0x080001ec   0x00000006   Code   RO         3881    .ARM.Collect$$rtentry$$00000004  c_w.l(__rtentry4.o)
    0x080001f2   0x080001f2   0x00000000   Code   RO         3871    .ARM.Collect$$rtentry$$00000009  c_w.l(__rtentry2.o)
    0x080001f2   0x080001f2   0x00000004   Code   RO         3872    .ARM.Collect$$rtentry$$0000000A  c_w.l(__rtentry2.o)
    0x080001f6   0x080001f6   0x00000000   Code   RO         3874    .ARM.Collect$$rtentry$$0000000C  c_w.l(__rtentry2.o)
    0x080001f6   0x080001f6   0x00000008   Code   RO         3875    .ARM.Collect$$rtentry$$0000000D  c_w.l(__rtentry2.o)
    0x080001fe   0x080001fe   0x00000002   Code   RO         3903    .ARM.Collect$$rtexit$$00000000  c_w.l(rtexit.o)
    0x08000200   0x08000200   0x00000000   Code   RO         3951    .ARM.Collect$$rtexit$$00000002  c_w.l(rtexit2.o)
    0x08000200   0x08000200   0x00000004   Code   RO         3952    .ARM.Collect$$rtexit$$00000003  c_w.l(rtexit2.o)
    0x08000204   0x08000204   0x00000006   Code   RO         3953    .ARM.Collect$$rtexit$$00000004  c_w.l(rtexit2.o)
    0x0800020a   0x0800020a   0x00000002   PAD
    0x0800020c   0x0800020c   0x00000040   Code   RO          430  * .text               startup_stm32f10x_hd.o
    0x0800024c   0x0800024c   0x00000002   Code   RO         3812    .text               c_w.l(use_no_semi_2.o)
    0x0800024e   0x0800024e   0x00000010   Code   RO         3814    .text               c_w.l(aeabi_memset.o)
    0x0800025e   0x0800025e   0x00000044   Code   RO         3816    .text               c_w.l(rt_memclr.o)
    0x080002a2   0x080002a2   0x00000006   Code   RO         3818    .text               c_w.l(heapauxi.o)
    0x080002a8   0x080002a8   0x00000002   Code   RO         3852    .text               c_w.l(use_no_semi.o)
    0x080002aa   0x080002aa   0x00000016   Code   RO         3855    .text               c_w.l(_rserrno.o)
    0x080002c0   0x080002c0   0x0000004e   Code   RO         3857    .text               c_w.l(rt_memclr_w.o)
    0x0800030e   0x0800030e   0x00000002   PAD
    0x08000310   0x08000310   0x00000008   Code   RO         3886    .text               c_w.l(rt_errno_addr_intlibspace.o)
    0x08000318   0x08000318   0x00000008   Code   RO         3890    .text               c_w.l(libspace.o)
    0x08000320   0x08000320   0x0000004a   Code   RO         3893    .text               c_w.l(sys_stackheap_outer.o)
    0x0800036a   0x0800036a   0x00000012   Code   RO         3895    .text               c_w.l(exit.o)
    0x0800037c   0x0800037c   0x000003b4   Code   RO         1184    i.AT24CXX_Init      24c64.o
    0x08000730   0x08000730   0x00000070   Code   RO         1185    i.AT24CXX_Read      24c64.o
    0x080007a0   0x080007a0   0x00000070   Code   RO         1188    i.AT24CXX_Write     24c64.o
    0x08000810   0x08000810   0x0000004c   Code   RO         1191    i.A_N_24C64         24c64.o
    0x0800085c   0x0800085c   0x000001e8   Code   RO         1192    i.BL_24c64          24c64.o
    0x08000a44   0x08000a44   0x00000004   Code   RO          174    i.BusFault_Handler  stm32f10x_it.o
    0x08000a48   0x08000a48   0x00000a8c   Code   RO         1079    i.CAN_Answer        setcs.o
    0x080014d4   0x080014d4   0x00000108   Code   RO         1591    i.CAN_FilterInit    stm32f10x_can.o
    0x080015dc   0x080015dc   0x00000012   Code   RO         1597    i.CAN_ITConfig      stm32f10x_can.o
    0x080015ee   0x080015ee   0x00000114   Code   RO         1598    i.CAN_Init          stm32f10x_can.o
    0x08001702   0x08001702   0x00000002   PAD
    0x08001704   0x08001704   0x000000f4   Code   RO          434    i.CAN_Mode_Init     can.o
    0x080017f8   0x080017f8   0x000000f0   Code   RO         1601    i.CAN_Receive       stm32f10x_can.o
    0x080018e8   0x080018e8   0x00000310   Code   RO         1080    i.CAN_SAVE          setcs.o
    0x08001bf8   0x08001bf8   0x0000009c   Code   RO          956    i.CAN_SET           pic.o
    0x08001c94   0x08001c94   0x00000126   Code   RO         1606    i.CAN_Transmit      stm32f10x_can.o
    0x08001dba   0x08001dba   0x00000002   PAD
    0x08001dbc   0x08001dbc   0x000000a0   Code   RO         1607    i.CAN_TransmitStatus  stm32f10x_can.o
    0x08001e5c   0x08001e5c   0x00000068   Code   RO          436    i.Can_Send_Msg      can.o
    0x08001ec4   0x08001ec4   0x00000002   Code   RO          175    i.DebugMon_Handler  stm32f10x_it.o
    0x08001ec6   0x08001ec6   0x00000002   PAD
    0x08001ec8   0x08001ec8   0x0000003c   Code   RO          563    i.EXTI1_IRQHandler  timer.o
    0x08001f04   0x08001f04   0x00000028   Code   RO         1877    i.EXTI_GetITStatus  stm32f10x_exti.o
    0x08001f2c   0x08001f2c   0x000000c8   Code   RO          957    i.FIRST             pic.o
    0x08001ff4   0x08001ff4   0x000000d0   Code   RO          958    i.FIRST_2           pic.o
    0x080020c4   0x080020c4   0x00000060   Code   RO          959    i.FIVE              pic.o
    0x08002124   0x08002124   0x00000088   Code   RO          960    i.FOUR              pic.o
    0x080021ac   0x080021ac   0x00000116   Code   RO         1932    i.GPIO_Init         stm32f10x_gpio.o
    0x080022c2   0x080022c2   0x00000012   Code   RO         1936    i.GPIO_ReadInputDataBit  stm32f10x_gpio.o
    0x080022d4   0x080022d4   0x00000004   Code   RO         1939    i.GPIO_ResetBits    stm32f10x_gpio.o
    0x080022d8   0x080022d8   0x00000004   Code   RO         1940    i.GPIO_SetBits      stm32f10x_gpio.o
    0x080022dc   0x080022dc   0x000000b0   Code   RO          647    i.GUI_DrawLine      gui.o
    0x0800238c   0x0800238c   0x0000004a   Code   RO          649    i.GUI_DrawRectangle  gui.o
    0x080023d6   0x080023d6   0x0000006a   Code   RO          655    i.GUI_ShowCHinese   gui.o
    0x08002440   0x08002440   0x000001fc   Code   RO          656    i.GUI_ShowChar      gui.o
    0x0800263c   0x0800263c   0x000000f0   Code   RO          657    i.GUI_ShowFont16    gui.o
    0x0800272c   0x0800272c   0x00000104   Code   RO          658    i.GUI_ShowFont24    gui.o
    0x08002830   0x08002830   0x000000f8   Code   RO          659    i.GUI_ShowFont32    gui.o
    0x08002928   0x08002928   0x00000090   Code   RO          665    i.GUI_ShowString    gui.o
    0x080029b8   0x080029b8   0x00000004   Code   RO          176    i.HardFault_Handler  stm32f10x_it.o
    0x080029bc   0x080029bc   0x0000004c   Code   RO          472    i.I1C_Ack           myiic.o
    0x08002a08   0x08002a08   0x00000034   Code   RO          473    i.I1C_Init          myiic.o
    0x08002a3c   0x08002a3c   0x0000004c   Code   RO          474    i.I1C_NAck          myiic.o
    0x08002a88   0x08002a88   0x00000058   Code   RO          475    i.I1C_Read_Byte     myiic.o
    0x08002ae0   0x08002ae0   0x00000060   Code   RO          476    i.I1C_Send_Byte     myiic.o
    0x08002b40   0x08002b40   0x0000005c   Code   RO          477    i.I1C_Start         myiic.o
    0x08002b9c   0x08002b9c   0x00000058   Code   RO          478    i.I1C_Stop          myiic.o
    0x08002bf4   0x08002bf4   0x00000044   Code   RO          479    i.I1C_Wait_Ack      myiic.o
    0x08002c38   0x08002c38   0x0000002c   Code   RO          532    i.KEY_Init          key.o
    0x08002c64   0x08002c64   0x0000006c   Code   RO          533    i.KEY_Scan          key.o
    0x08002cd0   0x08002cd0   0x0000002c   Code   RO         1119    i.LED_Init          led.o
    0x08002cfc   0x08002cfc   0x000000c4   Code   RO          564    i.LJLL_Data         timer.o
    0x08002dc0   0x08002dc0   0x0000009c   Code   RO          961    i.MENU              pic.o
    0x08002e5c   0x08002e5c   0x0000004c   Code   RO          565    i.Made_Data         timer.o
    0x08002ea8   0x08002ea8   0x00000004   Code   RO          177    i.MemManage_Handler  stm32f10x_it.o
    0x08002eac   0x08002eac   0x00000002   Code   RO          178    i.NMI_Handler       stm32f10x_it.o
    0x08002eae   0x08002eae   0x00000046   Code   RO          667    i.NUM_A             gui.o
    0x08002ef4   0x08002ef4   0x00000070   Code   RO         1549    i.NVIC_Init         misc.o
    0x08002f64   0x08002f64   0x00000014   Code   RO         1550    i.NVIC_PriorityGroupConfig  misc.o
    0x08002f78   0x08002f78   0x00000024   Code   RO          566    i.N_A               timer.o
    0x08002f9c   0x08002f9c   0x00000028   Code   RO          879    i.OLED_Clear        oled.o
    0x08002fc4   0x08002fc4   0x00000048   Code   RO          880    i.OLED_Display      oled.o
    0x0800300c   0x0800300c   0x0000001c   Code   RO          881    i.OLED_Display_Off  oled.o
    0x08003028   0x08003028   0x0000001c   Code   RO          882    i.OLED_Display_On   oled.o
    0x08003044   0x08003044   0x000000fe   Code   RO          883    i.OLED_Init         oled.o
    0x08003142   0x08003142   0x00000002   PAD
    0x08003144   0x08003144   0x00000034   Code   RO          884    i.OLED_Init_GPIO    oled.o
    0x08003178   0x08003178   0x0000002c   Code   RO          885    i.OLED_Reset        oled.o
    0x080031a4   0x080031a4   0x00000080   Code   RO          886    i.OLED_Set_Pixel    oled.o
    0x08003224   0x08003224   0x0000003c   Code   RO          888    i.OLED_WR_Byte      oled.o
    0x08003260   0x08003260   0x000000c0   Code   RO          962    i.ONE               pic.o
    0x08003320   0x08003320   0x00000058   Code   RO          567    i.PVD_IRQHandler    timer.o
    0x08003378   0x08003378   0x00000002   Code   RO          179    i.PendSV_Handler    stm32f10x_it.o
    0x0800337a   0x0800337a   0x00000002   PAD
    0x0800337c   0x0800337c   0x0000007c   Code   RO          963    i.QJHM              pic.o
    0x080033f8   0x080033f8   0x00000020   Code   RO         2288    i.RCC_APB1PeriphClockCmd  stm32f10x_rcc.o
    0x08003418   0x08003418   0x00000020   Code   RO         2290    i.RCC_APB2PeriphClockCmd  stm32f10x_rcc.o
    0x08003438   0x08003438   0x000000d4   Code   RO         2298    i.RCC_GetClocksFreq  stm32f10x_rcc.o
    0x0800350c   0x0800350c   0x0000002c   Code   RO          480    i.SDA_IN            myiic.o
    0x08003538   0x08003538   0x00001144   Code   RO         1081    i.SET_COME          setcs.o
    0x0800467c   0x0800467c   0x0000003c   Code   RO         1082    i.SET_IN            setcs.o
    0x080046b8   0x080046b8   0x00000028   Code   RO          964    i.SEV               pic.o
    0x080046e0   0x080046e0   0x000000a8   Code   RO          965    i.SIX               pic.o
    0x08004788   0x08004788   0x00000098   Code   RO         1153    i.SPI1_Init         spi.o
    0x08004820   0x08004820   0x00000018   Code   RO         2581    i.SPI_Cmd           stm32f10x_spi.o
    0x08004838   0x08004838   0x0000003c   Code   RO         2594    i.SPI_Init          stm32f10x_spi.o
    0x08004874   0x08004874   0x00000022   Code   RO         1156    i.SPI_WriteByte     spi.o
    0x08004896   0x08004896   0x00000002   Code   RO          180    i.SVC_Handler       stm32f10x_it.o
    0x08004898   0x08004898   0x00000008   Code   RO          237    i.SetSysClock       system_stm32f10x.o
    0x080048a0   0x080048a0   0x000000e0   Code   RO          238    i.SetSysClockTo72   system_stm32f10x.o
    0x08004980   0x08004980   0x00000028   Code   RO         1553    i.SysTick_CLKSourceConfig  misc.o
    0x080049a8   0x080049a8   0x00000002   Code   RO          181    i.SysTick_Handler   stm32f10x_it.o
    0x080049aa   0x080049aa   0x00000002   PAD
    0x080049ac   0x080049ac   0x00000060   Code   RO          240    i.SystemInit        system_stm32f10x.o
    0x08004a0c   0x08004a0c   0x00000088   Code   RO          966    i.THERR             pic.o
    0x08004a94   0x08004a94   0x000000b8   Code   RO          569    i.TIM4_IRQHandler   timer.o
    0x08004b4c   0x08004b4c   0x00000060   Code   RO          570    i.TIM4_init         timer.o
    0x08004bac   0x08004bac   0x00000006   Code   RO         2731    i.TIM_ClearITPendingBit  stm32f10x_tim.o
    0x08004bb2   0x08004bb2   0x00000018   Code   RO         2736    i.TIM_Cmd           stm32f10x_tim.o
    0x08004bca   0x08004bca   0x00000022   Code   RO         2757    i.TIM_GetITStatus   stm32f10x_tim.o
    0x08004bec   0x08004bec   0x00000012   Code   RO         2761    i.TIM_ITConfig      stm32f10x_tim.o
    0x08004bfe   0x08004bfe   0x00000002   PAD
    0x08004c00   0x08004c00   0x000000a4   Code   RO         2807    i.TIM_TimeBaseInit  stm32f10x_tim.o
    0x08004ca4   0x08004ca4   0x00000070   Code   RO         1255    i.TM7705_CalibSelf  tm7707.o
    0x08004d14   0x08004d14   0x0000000e   Code   RO         1256    i.TM7705_Delay      tm7707.o
    0x08004d22   0x08004d22   0x00000002   PAD
    0x08004d24   0x08004d24   0x0000005c   Code   RO         1258    i.TM7705_Read3Byte  tm7707.o
    0x08004d80   0x08004d80   0x0000004c   Code   RO         1262    i.TM7705_Recive8Bit  tm7707.o
    0x08004dcc   0x08004dcc   0x00000054   Code   RO         1263    i.TM7705_Send8Bit   tm7707.o
    0x08004e20   0x08004e20   0x00000040   Code   RO         1267    i.TM7705_WaitDRDY   tm7707.o
    0x08004e60   0x08004e60   0x00000044   Code   RO         1269    i.TM7705_WriteByte  tm7707.o
    0x08004ea4   0x08004ea4   0x00000094   Code   RO         1271    i.TM7707_init       tm7707.o
    0x08004f38   0x08004f38   0x00000098   Code   RO          668    i.TP1000_ohm        gui.o
    0x08004fd0   0x08004fd0   0x00000040   Code   RO          670    i.TP1000_wd_        gui.o
    0x08005010   0x08005010   0x00000088   Code   RO          967    i.TWO               pic.o
    0x08005098   0x08005098   0x00000100   Code   RO         3732    i.USART1_IRQHandler  mport.o
    0x08005198   0x08005198   0x00000018   Code   RO         1373    i.USART_Cmd         stm32f10x_usart.o
    0x080051b0   0x080051b0   0x0000004a   Code   RO         1379    i.USART_ITConfig    stm32f10x_usart.o
    0x080051fa   0x080051fa   0x00000002   PAD
    0x080051fc   0x080051fc   0x000000d8   Code   RO         1380    i.USART_Init        stm32f10x_usart.o
    0x080052d4   0x080052d4   0x00000048   Code   RO          437    i.USB_LP_CAN1_RX0_IRQHandler  can.o
    0x0800531c   0x0800531c   0x00000004   Code   RO          182    i.UsageFault_Handler  stm32f10x_it.o
    0x08005320   0x08005320   0x000000c8   Code   RO          671    i.YS_CY             gui.o
    0x080053e8   0x080053e8   0x00000084   Code   RO          672    i.YS_LJ             gui.o
    0x0800546c   0x0800546c   0x0000017c   Code   RO          673    i.YS_LL             gui.o
    0x080055e8   0x080055e8   0x0000007c   Code   RO          674    i.YS_WD             gui.o
    0x08005664   0x08005664   0x00000030   Code   RO          675    i.YS_YM             gui.o
    0x08005694   0x08005694   0x00000180   Code   RO          676    i.YS_YS             gui.o
    0x08005814   0x08005814   0x00000004   Code   RO          356    i._sys_exit         usart.o
    0x08005818   0x08005818   0x00000044   Code   RO          271    i.delay_init        delay.o
    0x0800585c   0x0800585c   0x0000004c   Code   RO          272    i.delay_ms          delay.o
    0x080058a8   0x080058a8   0x0000004c   Code   RO          273    i.delay_us          delay.o
    0x080058f4   0x080058f4   0x000002bc   Code   RO            1    i.main              main.o
    0x08005bb0   0x08005bb0   0x0000004c   Code   RO         3845    i.sqrt              m_ws.l(sqrt.o)
    0x08005bfc   0x08005bfc   0x000000a0   Code   RO          359    i.uart_init         usart.o
    0x08005c9c   0x08005c9c   0x00000150   Code   RO         3822    x$fpl$dadd          fz_ws.l(daddsub_clz.o)
    0x08005dec   0x08005dec   0x000002b0   Code   RO         3829    x$fpl$ddiv          fz_ws.l(ddiv.o)
    0x0800609c   0x0800609c   0x0000005e   Code   RO         3832    x$fpl$dfix          fz_ws.l(dfix.o)
    0x080060fa   0x080060fa   0x0000002e   Code   RO         3837    x$fpl$dflt          fz_ws.l(dflt_clz.o)
    0x08006128   0x08006128   0x00000026   Code   RO         3836    x$fpl$dfltu         fz_ws.l(dflt_clz.o)
    0x0800614e   0x0800614e   0x00000002   PAD
    0x08006150   0x08006150   0x00000154   Code   RO         3842    x$fpl$dmul          fz_ws.l(dmul.o)
    0x080062a4   0x080062a4   0x0000009c   Code   RO         3861    x$fpl$dnaninf       fz_ws.l(dnaninf.o)
    0x08006340   0x08006340   0x0000000c   Code   RO         3863    x$fpl$dretinf       fz_ws.l(dretinf.o)
    0x0800634c   0x0800634c   0x000001cc   Code   RO         3865    x$fpl$dsqrt         fz_ws.l(dsqrt_noumaal.o)
    0x08006518   0x08006518   0x000001d4   Code   RO         3824    x$fpl$dsub          fz_ws.l(daddsub_clz.o)
    0x080066ec   0x080066ec   0x00000000   Code   RO         3867    x$fpl$usenofp       fz_ws.l(usenofp.o)
    0x080066ec   0x080066ec   0x00001d6e   Data   RO          682    .constdata          gui.o
    0x0800845a   0x0800845a   0x00000002   PAD
    0x0800845c   0x0800845c   0x00000020   Data   RO         4023    Region$$Table       anon$$obj.o


    Execution Region ER_RW (Exec base: 0x20000000, Load base: 0x0800847c, Size: 0x000001ec, Max: 0xffffffff, ABSOLUTE, COMPRESSED[0x000000d4])

    Exec Addr    Load Addr    Size         Type   Attr      Idx    E Section Name        Object

    0x20000000   COMPRESSED   0x00000069   Data   RW            3    .data               main.o
    0x20000069   COMPRESSED   0x00000003   PAD
    0x2000006c   COMPRESSED   0x00000014   Data   RW          241    .data               system_stm32f10x.o
    0x20000080   COMPRESSED   0x00000004   Data   RW          274    .data               delay.o
    0x20000084   COMPRESSED   0x00000004   Data   RW          438    .data               can.o
    0x20000088   COMPRESSED   0x00000018   Data   RW          572    .data               timer.o
    0x200000a0   COMPRESSED   0x000000dc   Data   RW          683    .data               gui.o
    0x2000017c   COMPRESSED   0x0000002f   Data   RW         1083    .data               setcs.o
    0x200001ab   COMPRESSED   0x00000001   PAD
    0x200001ac   COMPRESSED   0x00000010   Data   RW         1193    .data               24c64.o
    0x200001bc   COMPRESSED   0x00000002   Data   RW         1272    .data               tm7707.o
    0x200001be   COMPRESSED   0x00000014   Data   RW         2318    .data               stm32f10x_rcc.o
    0x200001d2   COMPRESSED   0x00000012   Data   RW         3735    .data               mport.o
    0x200001e4   COMPRESSED   0x00000008   Data   RW         3769    .data               protocol.o


    Execution Region ER_ZI (Exec base: 0x200001ec, Load base: 0x08008550, Size: 0x00000ab4, Max: 0xffffffff, ABSOLUTE)

    Exec Addr    Load Addr    Size         Type   Attr      Idx    E Section Name        Object

    0x200001ec        -       0x00000028   Zero   RW            2    .bss                main.o
    0x20000214        -       0x00000028   Zero   RW          681    .bss                gui.o
    0x2000023c        -       0x00000400   Zero   RW          889    .bss                oled.o
    0x2000063c        -       0x00000060   Zero   RW         3891    .bss                c_w.l(libspace.o)
    0x2000069c   0x08008550   0x00000004   PAD
    0x200006a0        -       0x00000200   Zero   RW          428    HEAP                startup_stm32f10x_hd.o
    0x200008a0        -       0x00000400   Zero   RW          427    STACK               startup_stm32f10x_hd.o



  Load Region LR$$.ARM.__AT_0x68000000 (Base: 0x68000000, Size: 0x00000000, Max: 0x000f0000, ABSOLUTE)

    Execution Region ER$$.ARM.__AT_0x68000000 (Exec base: 0x68000000, Load base: 0x68000000, Size: 0x000f0000, Max: 0x000f0000, ABSOLUTE, UNINIT)

    Exec Addr    Load Addr    Size         Type   Attr      Idx    E Section Name        Object

    0x68000000        -       0x000f0000   Zero   RW         3637    .ARM.__AT_0x68000000  malloc.o



  Load Region LR$$.ARM.__AT_0x680F0000 (Base: 0x680f0000, Size: 0x00000000, Max: 0x0000f000, ABSOLUTE)

    Execution Region ER$$.ARM.__AT_0x680F0000 (Exec base: 0x680f0000, Load base: 0x680f0000, Size: 0x0000f000, Max: 0x0000f000, ABSOLUTE, UNINIT)

    Exec Addr    Load Addr    Size         Type   Attr      Idx    E Section Name        Object

    0x680f0000        -       0x0000f000   Zero   RW         3638    .ARM.__AT_0x680F0000  malloc.o


==============================================================================

Image component sizes


      Code (inc. data)   RO Data    RW Data    ZI Data      Debug   Object Name

      1736         76          0         16          0       4788   24c64.o
       420         32          0          4          0       3088   can.o
       220         26          0          4          0     213431   delay.o
      3310        222       7534        220         40      15412   gui.o
       152         10          0          0          0       1062   key.o
        44          4          0          0          0        495   led.o
       700         84          0        105         40     259587   main.o
         0          0          0          0    1044480       1669   malloc.o
       172         22          0          0          0       2025   misc.o
       256         22          0         18          0       1313   mport.o
       680         76          0          0          0       4859   myiic.o
       706         32          0          0       1024       5595   oled.o
      1748        504          0          0          0       5708   pic.o
         0          0          0          8          0       1221   protocol.o
      7964        318          0         47          0       7122   setcs.o
       186          8          0          0          0       1496   spi.o
        64         26        304          0       1536        820   startup_stm32f10x_hd.o
      1252         28          0          0          0       5045   stm32f10x_can.o
        40          6          0          0          0        603   stm32f10x_exti.o
       304          0          0          0          0       3616   stm32f10x_gpio.o
        26          0          0          0          0       3830   stm32f10x_it.o
       276         32          0         20          0       4406   stm32f10x_rcc.o
        84          0          0          0          0       2105   stm32f10x_spi.o
       246         42          0          0          0       3510   stm32f10x_tim.o
       314          6          0          0          0       3650   stm32f10x_usart.o
         0          0          0          0          0         32   sys.o
       328         28          0         20          0       2157   system_stm32f10x.o
       736        100          0         24          0       5314   timer.o
       658         50          0          2          0       4698   tm7707.o
       164          8          0          0          0       1192   usart.o

    ----------------------------------------------------------------------
     22804       1762       7872        492    1047120     569849   Object Totals
         0          0         32          0          0          0   (incl. Generated)
        18          0          2          4          0          0   (incl. Padding)

    ----------------------------------------------------------------------

      Code (inc. data)   RO Data    RW Data    ZI Data      Debug   Library Member Name

        90          0          0          0          0          0   __dczerorl2.o
         8          0          0          0          0         68   __main.o
         0          0          0          0          0          0   __rtentry.o
        12          0          0          0          0          0   __rtentry2.o
         6          0          0          0          0          0   __rtentry4.o
        52          8          0          0          0          0   __scatter.o
        28          0          0          0          0          0   __scatter_zi.o
        22          0          0          0          0        100   _rserrno.o
        16          0          0          0          0         68   aeabi_memset.o
        18          0          0          0          0         80   exit.o
         6          0          0          0          0        152   heapauxi.o
         2          0          0          0          0          0   libinit.o
         2          0          0          0          0          0   libinit2.o
         2          0          0          0          0          0   libshutdown.o
         2          0          0          0          0          0   libshutdown2.o
         8          4          0          0         96         68   libspace.o
         8          4          0          0          0         68   rt_errno_addr_intlibspace.o
        68          0          0          0          0         68   rt_memclr.o
        78          0          0          0          0         80   rt_memclr_w.o
         2          0          0          0          0          0   rtexit.o
        10          0          0          0          0          0   rtexit2.o
        74          0          0          0          0         80   sys_stackheap_outer.o
         2          0          0          0          0         68   use_no_semi.o
         2          0          0          0          0         68   use_no_semi_2.o
       804         16          0          0          0        272   daddsub_clz.o
       688        140          0          0          0        208   ddiv.o
        94          4          0          0          0         92   dfix.o
        84          0          0          0          0        136   dflt_clz.o
       340         12          0          0          0        104   dmul.o
       156          4          0          0          0         92   dnaninf.o
        12          0          0          0          0         68   dretinf.o
       460         56          0          0          0        120   dsqrt_noumaal.o
         0          0          0          0          0          0   usenofp.o
        76          0          0          0          0         84   sqrt.o

    ----------------------------------------------------------------------
      3240        248          0          0        100       2144   Library Totals
         8          0          0          0          4          0   (incl. Padding)

    ----------------------------------------------------------------------

      Code (inc. data)   RO Data    RW Data    ZI Data      Debug   Library Name

       518         16          0          0         96        968   c_w.l
      2638        232          0          0          0       1092   fz_ws.l
        76          0          0          0          0         84   m_ws.l

    ----------------------------------------------------------------------
      3240        248          0          0        100       2144   Library Totals

    ----------------------------------------------------------------------

==============================================================================


      Code (inc. data)   RO Data    RW Data    ZI Data      Debug   

     26044       2010       7872        492    1047220     564761   Grand Totals
     26044       2010       7872        212    1047220     564761   ELF Image Totals (compressed)
     26044       2010       7872        212          0          0   ROM Totals

==============================================================================

    Total RO  Size (Code + RO Data)                33916 (  33.12kB)
    Total RW  Size (RW Data + ZI Data)           1047712 (1023.16kB)
    Total ROM Size (Code + RO Data + RW Data)      34128 (  33.33kB)

==============================================================================

